// Jest Snapshot v1, https://goo.gl/fbAQLP

exports[`Input renders correctly 1`] = `
<div
  className="input-component inputContainer  myClass"
  style={
    Object {
      "color": "blue",
    }
  }
>
  <label
    className="inputLabel "
    htmlFor="input1"
    style={
      Object {
        "flexBasis": "30px",
      }
    }
  >
    with a label ofc
  </label>
  <div
    style={
      Object {
        "flex": 1,
      }
    }
  >
    <div
      className="innerDiv undefined false disabledInput"
    >
      <input
        autoComplete="on"
        autoFocus={true}
        className="input"
        disabled={true}
        id="input1"
        maxLength={50}
        minLength={10}
        name="input name"
        onBlur={[Function]}
        onChange={[Function]}
        placeholder="input placeholder"
        required={true}
        type="text"
        value="input value"
      />
      <div
        className="iconContainer"
      />
    </div>
    <i
      className="description undefined"
    >
      just some input
    </i>
  </div>
</div>
`;
