// Jest Snapshot v1, https://goo.gl/fbAQLP

exports[`FileUpload renders correctly 1`] = `
<div
  className="file-upload-component fileContainer disabledFile"
  id="5"
  style={
    Object {
      "color": "blue",
    }
  }
>
  <label
    className="label"
    style={Object {}}
  >
    with a label ofc
  </label>
  <div
    style={
      Object {
        "flexDirection": "column",
        "flexGrow": 1,
        "flexShrink": 1,
      }
    }
  >
    <div
      className="contentContainer"
    >
      <span
        className="name undefined"
      >
        input placeholder
      </span>
      <span
        className="button"
      >
        Upload
      </span>
      <input
        accept=".png"
        className="input"
        disabled={true}
        multiple={true}
        onChange={[Function]}
        required={true}
        type="file"
      />
    </div>
  </div>
</div>
`;
