// Jest Snapshot v1, https://goo.gl/fbAQLP

exports[`Label renders correctly 1`] = `
<Label
  className=""
  style={Object {}}
>
  <Component
    className=""
    palette={
      Object {
        "backgroundColors": Object {
          "altWhite": "#FFFFFF",
          "background": "#FAFAFA",
          "black": "#000000",
          "checkboxUnselected": "rgba(0, 0, 0, 0.62)",
          "darkgray1": "#777777",
          "darkgray2": "#454545",
          "darkgray3": "#424242",
          "dropdown": "#FFFFFF",
          "gray1": "#E0E0E0",
          "gray100": "#F0F0F0",
          "gray2": "#E7E7E7",
          "grayAlpha": "rgba(0,0,0,0.17)",
          "inverseText": "#212121",
          "medgray1": "#757575",
          "medgray2": "#888888",
          "primary1": "#4169E1",
          "primary2": "#212121",
          "primary3": "#00796B",
          "primary4": "#D32F2F",
          "secondary1": "#2E7D32",
          "secondary2": "#757575",
          "secondary3": "#673AB7",
          "secondary4": "#9C27B0",
          "secondary5": "#00796B",
          "secondary6": "#ECF0FC",
          "text": "#212121",
          "white": "#FFFFFF",
        },
        "borderColors": Object {
          "altWhite": "#FFFFFF",
          "background": "#FAFAFA",
          "black": "#000000",
          "checkboxUnselected": "rgba(0, 0, 0, 0.62)",
          "darkgray1": "#777777",
          "darkgray2": "#454545",
          "darkgray3": "#424242",
          "dropdown": "#FFFFFF",
          "gray1": "#E0E0E0",
          "gray2": "#E7E7E7",
          "grayAlpha": "rgba(0,0,0,0.17)",
          "grayAlpha100": "rgba(0,0,0,0.06)",
          "inverseText": "#212121",
          "medgray1": "#757575",
          "medgray2": "#888888",
          "primary1": "#4169E1",
          "primary2": "#212121",
          "primary3": "#00796B",
          "primary4": "#D32F2F",
          "secondary1": "#2E7D32",
          "secondary2": "#757575",
          "secondary3": "#673AB7",
          "secondary4": "#9C27B0",
          "secondary5": "#00796B",
          "secondary6": "#ECF0FC",
          "text": "#212121",
          "white": "#FFFFFF",
        },
        "fontColors": Object {
          "altWhite": "#FFFFFF",
          "background": "#FAFAFA",
          "black": "#000000",
          "checkboxUnselected": "rgba(0, 0, 0, 0.62)",
          "darkgray1": "#777777",
          "darkgray2": "#454545",
          "darkgray3": "#424242",
          "dropdown": "#FFFFFF",
          "gray1": "#E0E0E0",
          "gray2": "#E7E7E7",
          "grayAlpha": "rgba(0,0,0,0.17)",
          "grayAlpha100": "rgba(0,0,0,0.06)",
          "grayAlpha400": "rgba(0,0,0,0.36)",
          "inverseText": "#212121",
          "medgray1": "#757575",
          "medgray2": "#888888",
          "primary1": "#4169E1",
          "primary2": "#212121",
          "primary3": "#00796B",
          "primary4": "#D32F2F",
          "secondary1": "#2E7D32",
          "secondary2": "#757575",
          "secondary3": "#673AB7",
          "secondary4": "#9C27B0",
          "secondary5": "#00796B",
          "secondary6": "#ECF0FC",
          "text": "#212121",
          "white": "#FFFFFF",
        },
      }
    }
    style={Object {}}
  >
    <StyledLabel
      boxAs="label"
      className=""
      palette={
        Object {
          "backgroundColors": Object {
            "altWhite": "#FFFFFF",
            "background": "#FAFAFA",
            "black": "#000000",
            "checkboxUnselected": "rgba(0, 0, 0, 0.62)",
            "darkgray1": "#777777",
            "darkgray2": "#454545",
            "darkgray3": "#424242",
            "dropdown": "#FFFFFF",
            "gray1": "#E0E0E0",
            "gray100": "#F0F0F0",
            "gray2": "#E7E7E7",
            "grayAlpha": "rgba(0,0,0,0.17)",
            "inverseText": "#212121",
            "medgray1": "#757575",
            "medgray2": "#888888",
            "primary1": "#4169E1",
            "primary2": "#212121",
            "primary3": "#00796B",
            "primary4": "#D32F2F",
            "secondary1": "#2E7D32",
            "secondary2": "#757575",
            "secondary3": "#673AB7",
            "secondary4": "#9C27B0",
            "secondary5": "#00796B",
            "secondary6": "#ECF0FC",
            "text": "#212121",
            "white": "#FFFFFF",
          },
          "borderColors": Object {
            "altWhite": "#FFFFFF",
            "background": "#FAFAFA",
            "black": "#000000",
            "checkboxUnselected": "rgba(0, 0, 0, 0.62)",
            "darkgray1": "#777777",
            "darkgray2": "#454545",
            "darkgray3": "#424242",
            "dropdown": "#FFFFFF",
            "gray1": "#E0E0E0",
            "gray2": "#E7E7E7",
            "grayAlpha": "rgba(0,0,0,0.17)",
            "grayAlpha100": "rgba(0,0,0,0.06)",
            "inverseText": "#212121",
            "medgray1": "#757575",
            "medgray2": "#888888",
            "primary1": "#4169E1",
            "primary2": "#212121",
            "primary3": "#00796B",
            "primary4": "#D32F2F",
            "secondary1": "#2E7D32",
            "secondary2": "#757575",
            "secondary3": "#673AB7",
            "secondary4": "#9C27B0",
            "secondary5": "#00796B",
            "secondary6": "#ECF0FC",
            "text": "#212121",
            "white": "#FFFFFF",
          },
          "fontColors": Object {
            "altWhite": "#FFFFFF",
            "background": "#FAFAFA",
            "black": "#000000",
            "checkboxUnselected": "rgba(0, 0, 0, 0.62)",
            "darkgray1": "#777777",
            "darkgray2": "#454545",
            "darkgray3": "#424242",
            "dropdown": "#FFFFFF",
            "gray1": "#E0E0E0",
            "gray2": "#E7E7E7",
            "grayAlpha": "rgba(0,0,0,0.17)",
            "grayAlpha100": "rgba(0,0,0,0.06)",
            "grayAlpha400": "rgba(0,0,0,0.36)",
            "inverseText": "#212121",
            "medgray1": "#757575",
            "medgray2": "#888888",
            "primary1": "#4169E1",
            "primary2": "#212121",
            "primary3": "#00796B",
            "primary4": "#D32F2F",
            "secondary1": "#2E7D32",
            "secondary2": "#757575",
            "secondary3": "#673AB7",
            "secondary4": "#9C27B0",
            "secondary5": "#00796B",
            "secondary6": "#ECF0FC",
            "text": "#212121",
            "white": "#FFFFFF",
          },
        }
      }
      style={Object {}}
    >
      <Box
        boxAs="label"
        className="sc-gtssRu gGjztn"
        palette={
          Object {
            "backgroundColors": Object {
              "altWhite": "#FFFFFF",
              "background": "#FAFAFA",
              "black": "#000000",
              "checkboxUnselected": "rgba(0, 0, 0, 0.62)",
              "darkgray1": "#777777",
              "darkgray2": "#454545",
              "darkgray3": "#424242",
              "dropdown": "#FFFFFF",
              "gray1": "#E0E0E0",
              "gray100": "#F0F0F0",
              "gray2": "#E7E7E7",
              "grayAlpha": "rgba(0,0,0,0.17)",
              "inverseText": "#212121",
              "medgray1": "#757575",
              "medgray2": "#888888",
              "primary1": "#4169E1",
              "primary2": "#212121",
              "primary3": "#00796B",
              "primary4": "#D32F2F",
              "secondary1": "#2E7D32",
              "secondary2": "#757575",
              "secondary3": "#673AB7",
              "secondary4": "#9C27B0",
              "secondary5": "#00796B",
              "secondary6": "#ECF0FC",
              "text": "#212121",
              "white": "#FFFFFF",
            },
            "borderColors": Object {
              "altWhite": "#FFFFFF",
              "background": "#FAFAFA",
              "black": "#000000",
              "checkboxUnselected": "rgba(0, 0, 0, 0.62)",
              "darkgray1": "#777777",
              "darkgray2": "#454545",
              "darkgray3": "#424242",
              "dropdown": "#FFFFFF",
              "gray1": "#E0E0E0",
              "gray2": "#E7E7E7",
              "grayAlpha": "rgba(0,0,0,0.17)",
              "grayAlpha100": "rgba(0,0,0,0.06)",
              "inverseText": "#212121",
              "medgray1": "#757575",
              "medgray2": "#888888",
              "primary1": "#4169E1",
              "primary2": "#212121",
              "primary3": "#00796B",
              "primary4": "#D32F2F",
              "secondary1": "#2E7D32",
              "secondary2": "#757575",
              "secondary3": "#673AB7",
              "secondary4": "#9C27B0",
              "secondary5": "#00796B",
              "secondary6": "#ECF0FC",
              "text": "#212121",
              "white": "#FFFFFF",
            },
            "fontColors": Object {
              "altWhite": "#FFFFFF",
              "background": "#FAFAFA",
              "black": "#000000",
              "checkboxUnselected": "rgba(0, 0, 0, 0.62)",
              "darkgray1": "#777777",
              "darkgray2": "#454545",
              "darkgray3": "#424242",
              "dropdown": "#FFFFFF",
              "gray1": "#E0E0E0",
              "gray2": "#E7E7E7",
              "grayAlpha": "rgba(0,0,0,0.17)",
              "grayAlpha100": "rgba(0,0,0,0.06)",
              "grayAlpha400": "rgba(0,0,0,0.36)",
              "inverseText": "#212121",
              "medgray1": "#757575",
              "medgray2": "#888888",
              "primary1": "#4169E1",
              "primary2": "#212121",
              "primary3": "#00796B",
              "primary4": "#D32F2F",
              "secondary1": "#2E7D32",
              "secondary2": "#757575",
              "secondary3": "#673AB7",
              "secondary4": "#9C27B0",
              "secondary5": "#00796B",
              "secondary6": "#ECF0FC",
              "text": "#212121",
              "white": "#FFFFFF",
            },
          }
        }
        style={Object {}}
        transition="0.2s all"
      >
        <Component
          boxAs="label"
          className="sc-gtssRu gGjztn"
          palette={
            Object {
              "backgroundColors": Object {
                "altWhite": "#FFFFFF",
                "background": "#FAFAFA",
                "black": "#000000",
                "checkboxUnselected": "rgba(0, 0, 0, 0.62)",
                "darkgray1": "#777777",
                "darkgray2": "#454545",
                "darkgray3": "#424242",
                "dropdown": "#FFFFFF",
                "gray1": "#E0E0E0",
                "gray100": "#F0F0F0",
                "gray2": "#E7E7E7",
                "grayAlpha": "rgba(0,0,0,0.17)",
                "inverseText": "#212121",
                "medgray1": "#757575",
                "medgray2": "#888888",
                "primary1": "#4169E1",
                "primary2": "#212121",
                "primary3": "#00796B",
                "primary4": "#D32F2F",
                "secondary1": "#2E7D32",
                "secondary2": "#757575",
                "secondary3": "#673AB7",
                "secondary4": "#9C27B0",
                "secondary5": "#00796B",
                "secondary6": "#ECF0FC",
                "text": "#212121",
                "white": "#FFFFFF",
              },
              "borderColors": Object {
                "altWhite": "#FFFFFF",
                "background": "#FAFAFA",
                "black": "#000000",
                "checkboxUnselected": "rgba(0, 0, 0, 0.62)",
                "darkgray1": "#777777",
                "darkgray2": "#454545",
                "darkgray3": "#424242",
                "dropdown": "#FFFFFF",
                "gray1": "#E0E0E0",
                "gray2": "#E7E7E7",
                "grayAlpha": "rgba(0,0,0,0.17)",
                "grayAlpha100": "rgba(0,0,0,0.06)",
                "inverseText": "#212121",
                "medgray1": "#757575",
                "medgray2": "#888888",
                "primary1": "#4169E1",
                "primary2": "#212121",
                "primary3": "#00796B",
                "primary4": "#D32F2F",
                "secondary1": "#2E7D32",
                "secondary2": "#757575",
                "secondary3": "#673AB7",
                "secondary4": "#9C27B0",
                "secondary5": "#00796B",
                "secondary6": "#ECF0FC",
                "text": "#212121",
                "white": "#FFFFFF",
              },
              "fontColors": Object {
                "altWhite": "#FFFFFF",
                "background": "#FAFAFA",
                "black": "#000000",
                "checkboxUnselected": "rgba(0, 0, 0, 0.62)",
                "darkgray1": "#777777",
                "darkgray2": "#454545",
                "darkgray3": "#424242",
                "dropdown": "#FFFFFF",
                "gray1": "#E0E0E0",
                "gray2": "#E7E7E7",
                "grayAlpha": "rgba(0,0,0,0.17)",
                "grayAlpha100": "rgba(0,0,0,0.06)",
                "grayAlpha400": "rgba(0,0,0,0.36)",
                "inverseText": "#212121",
                "medgray1": "#757575",
                "medgray2": "#888888",
                "primary1": "#4169E1",
                "primary2": "#212121",
                "primary3": "#00796B",
                "primary4": "#D32F2F",
                "secondary1": "#2E7D32",
                "secondary2": "#757575",
                "secondary3": "#673AB7",
                "secondary4": "#9C27B0",
                "secondary5": "#00796B",
                "secondary6": "#ECF0FC",
                "text": "#212121",
                "white": "#FFFFFF",
              },
            }
          }
          style={Object {}}
          transition="0.2s all"
        >
          <StyledBox
            as="label"
            boxAs="label"
            className="sc-gtssRu gGjztn"
            palette={
              Object {
                "backgroundColors": Object {
                  "altWhite": "#FFFFFF",
                  "background": "#FAFAFA",
                  "black": "#000000",
                  "checkboxUnselected": "rgba(0, 0, 0, 0.62)",
                  "darkgray1": "#777777",
                  "darkgray2": "#454545",
                  "darkgray3": "#424242",
                  "dropdown": "#FFFFFF",
                  "gray1": "#E0E0E0",
                  "gray100": "#F0F0F0",
                  "gray2": "#E7E7E7",
                  "grayAlpha": "rgba(0,0,0,0.17)",
                  "inverseText": "#212121",
                  "medgray1": "#757575",
                  "medgray2": "#888888",
                  "primary1": "#4169E1",
                  "primary2": "#212121",
                  "primary3": "#00796B",
                  "primary4": "#D32F2F",
                  "secondary1": "#2E7D32",
                  "secondary2": "#757575",
                  "secondary3": "#673AB7",
                  "secondary4": "#9C27B0",
                  "secondary5": "#00796B",
                  "secondary6": "#ECF0FC",
                  "text": "#212121",
                  "white": "#FFFFFF",
                },
                "borderColors": Object {
                  "altWhite": "#FFFFFF",
                  "background": "#FAFAFA",
                  "black": "#000000",
                  "checkboxUnselected": "rgba(0, 0, 0, 0.62)",
                  "darkgray1": "#777777",
                  "darkgray2": "#454545",
                  "darkgray3": "#424242",
                  "dropdown": "#FFFFFF",
                  "gray1": "#E0E0E0",
                  "gray2": "#E7E7E7",
                  "grayAlpha": "rgba(0,0,0,0.17)",
                  "grayAlpha100": "rgba(0,0,0,0.06)",
                  "inverseText": "#212121",
                  "medgray1": "#757575",
                  "medgray2": "#888888",
                  "primary1": "#4169E1",
                  "primary2": "#212121",
                  "primary3": "#00796B",
                  "primary4": "#D32F2F",
                  "secondary1": "#2E7D32",
                  "secondary2": "#757575",
                  "secondary3": "#673AB7",
                  "secondary4": "#9C27B0",
                  "secondary5": "#00796B",
                  "secondary6": "#ECF0FC",
                  "text": "#212121",
                  "white": "#FFFFFF",
                },
                "fontColors": Object {
                  "altWhite": "#FFFFFF",
                  "background": "#FAFAFA",
                  "black": "#000000",
                  "checkboxUnselected": "rgba(0, 0, 0, 0.62)",
                  "darkgray1": "#777777",
                  "darkgray2": "#454545",
                  "darkgray3": "#424242",
                  "dropdown": "#FFFFFF",
                  "gray1": "#E0E0E0",
                  "gray2": "#E7E7E7",
                  "grayAlpha": "rgba(0,0,0,0.17)",
                  "grayAlpha100": "rgba(0,0,0,0.06)",
                  "grayAlpha400": "rgba(0,0,0,0.36)",
                  "inverseText": "#212121",
                  "medgray1": "#757575",
                  "medgray2": "#888888",
                  "primary1": "#4169E1",
                  "primary2": "#212121",
                  "primary3": "#00796B",
                  "primary4": "#D32F2F",
                  "secondary1": "#2E7D32",
                  "secondary2": "#757575",
                  "secondary3": "#673AB7",
                  "secondary4": "#9C27B0",
                  "secondary5": "#00796B",
                  "secondary6": "#ECF0FC",
                  "text": "#212121",
                  "white": "#FFFFFF",
                },
              }
            }
            style={Object {}}
            transition="0.2s all"
          >
            <label
              className="sc-bdnylx ckoRHe sc-gtssRu gGjztn"
              style={Object {}}
            >
              Label here!
            </label>
          </StyledBox>
        </Component>
      </Box>
    </StyledLabel>
  </Component>
</Label>
`;
