// Jest Snapshot v1, https://goo.gl/fbAQLP

exports[`Pagination renders correctly 1`] = `
<div
  className="pagination undefined"
>
  <div
    className="paginationInner"
  >
    <PaginationButton
      active={true}
      className="pagination-normal-btn itemButton"
      item={1}
      key="1"
      label="1"
      onClick={[Function]}
    />
    <PaginationButton
      active={false}
      className="pagination-normal-btn itemButton"
      item={2}
      key="2"
      label="2"
      onClick={[Function]}
    />
    <PaginationButton
      active={false}
      className="pagination-normal-btn itemButton"
      item={3}
      key="3"
      label="3"
      onClick={[Function]}
    />
    <PaginationButton
      active={false}
      className="pagination-ellipsis"
      disabled={true}
      item={1}
      key="asdd3"
      label="..."
      onClick={[Function]}
    />
  </div>
</div>
`;
