// Jest Snapshot v1, https://goo.gl/fbAQLP

exports[`RadioAccordion renders Content properly according to snapshot 1`] = `
<div
  className="accordion-content content visible"
  style={
    Object {
      "color": "blue",
    }
  }
>
  Some Content
</div>
`;

exports[`RadioAccordion renders Header properly according to snapshot 1`] = `
<div
  className="accordion-header container"
>
  <div
    className="radio activeHeader checkedRadio"
    onClick={[Function]}
  >
    <input
      checked={true}
      id="4zlbrf"
      readOnly={true}
      type="radio"
    />
    <label
      htmlFor="4zlbrf"
    >
      <span>
        title1
      </span>
    </label>
  </div>
  <div />
</div>
`;

exports[`RadioAccordion renders RadioAccordion properly according to snapshot 1`] = `
<div
  className="accordion-component container"
>
  <Header
    active={false}
    key="0"
    name="1482363367071"
    onClick={[Function]}
    title="title1"
  >
    <RadioAccordionContent
      active={false}
      key="0"
      title="title1"
    >
      Content1
    </RadioAccordionContent>
  </Header>
  <Header
    active={true}
    key="1"
    name="1482363367071"
    onClick={[Function]}
    title="title2"
  >
    <RadioAccordionContent
      active={true}
      key="1"
      title="title2"
    >
      Content2
    </RadioAccordionContent>
  </Header>
  <Header
    active={false}
    key="2"
    name="1482363367071"
    onClick={[Function]}
    title="title3"
  >
    <RadioAccordionContent
      active={false}
      className="classname"
      key="2"
      title="title3"
    >
      Content3
    </RadioAccordionContent>
  </Header>
</div>
`;
