// Jest Snapshot v1, https://goo.gl/fbAQLP

exports[`Select renders Option correctly 1`] = `
<li
  onClick={[Function]}
>
  Option1
</li>
`;

exports[`Select renders Select correctly 1`] = `
<div
  className="select-component componentContainer  myClass"
  style={
    Object {
      "color": "blue",
    }
  }
>
  <label
    className="label "
  >
    Select something
  </label>
  <div
    className="overlay"
    onClick={[Function]}
    style={
      Object {
        "display": "none",
      }
    }
  />
  <div
    style={
      Object {
        "flex": 1,
      }
    }
  >
    <div
      className="selectContainer labelContainer undefined"
      style={
        Object {
          "zIndex": 0,
        }
      }
    >
      <input
        className="innerInput"
        onBlur={[Function]}
        onChange={[Function]}
        placeholder="Type to filter"
        style={
          Object {
            "display": "none",
          }
        }
        type="text"
        value=""
      />
      <div
        className="label-container innerDiv"
        style={
          Object {
            "display": "block",
          }
        }
      >
        No options available
      </div>
      <div
        className="selectIcon"
      />
      <input
        readOnly={true}
        style={
          Object {
            "display": "none",
          }
        }
        value="option1"
      />
      <div
        className="options-container optionsContainer"
        style={
          Object {
            "display": "none",
          }
        }
      >
        <ul />
      </div>
    </div>
    <i
      className="description undefined"
    >
      with description
    </i>
  </div>
</div>
`;
