// Jest Snapshot v1, https://goo.gl/fbAQLP

exports[`Table renders correctly 1`] = `
<div>
  <table
    className="table "
    style={Object {}}
  >
    <THead>
      <TR>
        <TH
          onClick={[Function]}
        >
          th 1
        </TH>
        <TH
          onClick={[Function]}
        >
          th 2
        </TH>
        <TH
          onClick={[Function]}
        >
          th 3
        </TH>
      </TR>
    </THead>
    <TBody>
      <TR>
        <TD>
          <div
            className="tdContent"
          >
            <span
              className="heading"
            >
              th 1
            </span>
            <span
              className="content"
            >
              td 1
            </span>
          </div>
        </TD>
        <TD>
          <div
            className="tdContent"
          >
            <span
              className="heading"
            >
              th 2
            </span>
            <span
              className="content"
            >
              td 2
            </span>
          </div>
        </TD>
        <TD>
          <div
            className="tdContent"
          >
            <span
              className="heading"
            >
              th 3
            </span>
            <span
              className="content"
            >
              td 3
            </span>
          </div>
        </TD>
      </TR>
      <TR>
        <TD>
          <div
            className="tdContent"
          >
            <span
              className="heading"
            >
              th 1
            </span>
            <span
              className="content"
            >
              td 1
            </span>
          </div>
        </TD>
        <TD>
          <div
            className="tdContent"
          >
            <span
              className="heading"
            >
              th 2
            </span>
            <span
              className="content"
            >
              td 2
            </span>
          </div>
        </TD>
        <TD>
          <div
            className="tdContent"
          >
            <span
              className="heading"
            >
              th 3
            </span>
            <span
              className="content"
            >
              td 3
            </span>
          </div>
        </TD>
      </TR>
    </TBody>
  </table>
</div>
`;
