// Jest Snapshot v1, https://goo.gl/fbAQLP

exports[`Stack renders Stack correctly 1`] = `
<VStack
  align="initial"
  className=""
  direction="column"
  divider={
    <span
      style={
        Object {
          "width": 1,
        }
      }
    />
  }
  flexWrap="wrap"
  justify="center"
  spacing={20}
  style={Object {}}
>
  <Component
    align="initial"
    className=""
    direction="column"
    divider={
      <span
        style={
          Object {
            "width": 1,
          }
        }
      />
    }
    flexWrap="wrap"
    justify="center"
    palette={
      Object {
        "backgroundColors": Object {
          "background": "#FAFAFA",
          "black": "#000000",
          "darkgray1": "#777777",
          "darkgray2": "#454545",
          "gray1": "#E0E0E0",
          "gray2": "#E7E7E7",
          "medgray1": "#757575",
          "medgray2": "#888888",
          "primary1": "#4169E1",
          "primary2": "#212121",
          "primary3": "#00796B",
          "primary4": "#D32F2F",
          "secondary1": "#2E7D32",
          "secondary2": "#757575",
          "secondary3": "#673AB7",
          "secondary4": "#9C27B0",
          "secondary5": "#00796B",
          "secondary6": "#ECF0FC",
          "text": "#212121",
          "white": "#FFFFFF",
        },
        "borderColors": Object {
          "background": "#FAFAFA",
          "black": "#000000",
          "darkgray1": "#777777",
          "darkgray2": "#454545",
          "gray1": "#E0E0E0",
          "gray2": "#E7E7E7",
          "medgray1": "#757575",
          "medgray2": "#888888",
          "primary1": "#4169E1",
          "primary2": "#212121",
          "primary3": "#00796B",
          "primary4": "#D32F2F",
          "secondary1": "#2E7D32",
          "secondary2": "#757575",
          "secondary3": "#673AB7",
          "secondary4": "#9C27B0",
          "secondary5": "#00796B",
          "secondary6": "#ECF0FC",
          "text": "#212121",
          "white": "#FFFFFF",
        },
        "fontColors": Object {
          "background": "#FAFAFA",
          "black": "#000000",
          "darkgray1": "#777777",
          "darkgray2": "#454545",
          "gray1": "#E0E0E0",
          "gray2": "#E7E7E7",
          "medgray1": "#757575",
          "medgray2": "#888888",
          "primary1": "#4169E1",
          "primary2": "#212121",
          "primary3": "#00796B",
          "primary4": "#D32F2F",
          "secondary1": "#2E7D32",
          "secondary2": "#757575",
          "secondary3": "#673AB7",
          "secondary4": "#9C27B0",
          "secondary5": "#00796B",
          "secondary6": "#ECF0FC",
          "text": "#212121",
          "white": "#FFFFFF",
        },
      }
    }
    spacing={20}
    style={Object {}}
  >
    <Stack
      align="initial"
      className=""
      direction="column"
      divider={
        <span
          style={
            Object {
              "width": 1,
            }
          }
        />
      }
      flexWrap="wrap"
      justify="center"
      palette={
        Object {
          "backgroundColors": Object {
            "background": "#FAFAFA",
            "black": "#000000",
            "darkgray1": "#777777",
            "darkgray2": "#454545",
            "gray1": "#E0E0E0",
            "gray2": "#E7E7E7",
            "medgray1": "#757575",
            "medgray2": "#888888",
            "primary1": "#4169E1",
            "primary2": "#212121",
            "primary3": "#00796B",
            "primary4": "#D32F2F",
            "secondary1": "#2E7D32",
            "secondary2": "#757575",
            "secondary3": "#673AB7",
            "secondary4": "#9C27B0",
            "secondary5": "#00796B",
            "secondary6": "#ECF0FC",
            "text": "#212121",
            "white": "#FFFFFF",
          },
          "borderColors": Object {
            "background": "#FAFAFA",
            "black": "#000000",
            "darkgray1": "#777777",
            "darkgray2": "#454545",
            "gray1": "#E0E0E0",
            "gray2": "#E7E7E7",
            "medgray1": "#757575",
            "medgray2": "#888888",
            "primary1": "#4169E1",
            "primary2": "#212121",
            "primary3": "#00796B",
            "primary4": "#D32F2F",
            "secondary1": "#2E7D32",
            "secondary2": "#757575",
            "secondary3": "#673AB7",
            "secondary4": "#9C27B0",
            "secondary5": "#00796B",
            "secondary6": "#ECF0FC",
            "text": "#212121",
            "white": "#FFFFFF",
          },
          "fontColors": Object {
            "background": "#FAFAFA",
            "black": "#000000",
            "darkgray1": "#777777",
            "darkgray2": "#454545",
            "gray1": "#E0E0E0",
            "gray2": "#E7E7E7",
            "medgray1": "#757575",
            "medgray2": "#888888",
            "primary1": "#4169E1",
            "primary2": "#212121",
            "primary3": "#00796B",
            "primary4": "#D32F2F",
            "secondary1": "#2E7D32",
            "secondary2": "#757575",
            "secondary3": "#673AB7",
            "secondary4": "#9C27B0",
            "secondary5": "#00796B",
            "secondary6": "#ECF0FC",
            "text": "#212121",
            "white": "#FFFFFF",
          },
        }
      }
      spacing={20}
      style={Object {}}
    >
      <Component
        align="initial"
        className=""
        direction="column"
        divider={
          <span
            style={
              Object {
                "width": 1,
              }
            }
          />
        }
        flexWrap="wrap"
        justify="center"
        palette={
          Object {
            "backgroundColors": Object {
              "background": "#FAFAFA",
              "black": "#000000",
              "darkgray1": "#777777",
              "darkgray2": "#454545",
              "gray1": "#E0E0E0",
              "gray2": "#E7E7E7",
              "medgray1": "#757575",
              "medgray2": "#888888",
              "primary1": "#4169E1",
              "primary2": "#212121",
              "primary3": "#00796B",
              "primary4": "#D32F2F",
              "secondary1": "#2E7D32",
              "secondary2": "#757575",
              "secondary3": "#673AB7",
              "secondary4": "#9C27B0",
              "secondary5": "#00796B",
              "secondary6": "#ECF0FC",
              "text": "#212121",
              "white": "#FFFFFF",
            },
            "borderColors": Object {
              "background": "#FAFAFA",
              "black": "#000000",
              "darkgray1": "#777777",
              "darkgray2": "#454545",
              "gray1": "#E0E0E0",
              "gray2": "#E7E7E7",
              "medgray1": "#757575",
              "medgray2": "#888888",
              "primary1": "#4169E1",
              "primary2": "#212121",
              "primary3": "#00796B",
              "primary4": "#D32F2F",
              "secondary1": "#2E7D32",
              "secondary2": "#757575",
              "secondary3": "#673AB7",
              "secondary4": "#9C27B0",
              "secondary5": "#00796B",
              "secondary6": "#ECF0FC",
              "text": "#212121",
              "white": "#FFFFFF",
            },
            "fontColors": Object {
              "background": "#FAFAFA",
              "black": "#000000",
              "darkgray1": "#777777",
              "darkgray2": "#454545",
              "gray1": "#E0E0E0",
              "gray2": "#E7E7E7",
              "medgray1": "#757575",
              "medgray2": "#888888",
              "primary1": "#4169E1",
              "primary2": "#212121",
              "primary3": "#00796B",
              "primary4": "#D32F2F",
              "secondary1": "#2E7D32",
              "secondary2": "#757575",
              "secondary3": "#673AB7",
              "secondary4": "#9C27B0",
              "secondary5": "#00796B",
              "secondary6": "#ECF0FC",
              "text": "#212121",
              "white": "#FFFFFF",
            },
          }
        }
        spacing={20}
        style={Object {}}
      >
        <StyledStack
          align="initial"
          className=""
          direction="column"
          divider={
            <span
              style={
                Object {
                  "width": 1,
                }
              }
            />
          }
          flexWrap="wrap"
          justify="center"
          palette={
            Object {
              "backgroundColors": Object {
                "background": "#FAFAFA",
                "black": "#000000",
                "darkgray1": "#777777",
                "darkgray2": "#454545",
                "gray1": "#E0E0E0",
                "gray2": "#E7E7E7",
                "medgray1": "#757575",
                "medgray2": "#888888",
                "primary1": "#4169E1",
                "primary2": "#212121",
                "primary3": "#00796B",
                "primary4": "#D32F2F",
                "secondary1": "#2E7D32",
                "secondary2": "#757575",
                "secondary3": "#673AB7",
                "secondary4": "#9C27B0",
                "secondary5": "#00796B",
                "secondary6": "#ECF0FC",
                "text": "#212121",
                "white": "#FFFFFF",
              },
              "borderColors": Object {
                "background": "#FAFAFA",
                "black": "#000000",
                "darkgray1": "#777777",
                "darkgray2": "#454545",
                "gray1": "#E0E0E0",
                "gray2": "#E7E7E7",
                "medgray1": "#757575",
                "medgray2": "#888888",
                "primary1": "#4169E1",
                "primary2": "#212121",
                "primary3": "#00796B",
                "primary4": "#D32F2F",
                "secondary1": "#2E7D32",
                "secondary2": "#757575",
                "secondary3": "#673AB7",
                "secondary4": "#9C27B0",
                "secondary5": "#00796B",
                "secondary6": "#ECF0FC",
                "text": "#212121",
                "white": "#FFFFFF",
              },
              "fontColors": Object {
                "background": "#FAFAFA",
                "black": "#000000",
                "darkgray1": "#777777",
                "darkgray2": "#454545",
                "gray1": "#E0E0E0",
                "gray2": "#E7E7E7",
                "medgray1": "#757575",
                "medgray2": "#888888",
                "primary1": "#4169E1",
                "primary2": "#212121",
                "primary3": "#00796B",
                "primary4": "#D32F2F",
                "secondary1": "#2E7D32",
                "secondary2": "#757575",
                "secondary3": "#673AB7",
                "secondary4": "#9C27B0",
                "secondary5": "#00796B",
                "secondary6": "#ECF0FC",
                "text": "#212121",
                "white": "#FFFFFF",
              },
            }
          }
          spacing={20}
          style={Object {}}
        >
          <Box
            align="initial"
            className="sc-gtssRu iXkelt"
            direction="column"
            divider={
              <span
                style={
                  Object {
                    "width": 1,
                  }
                }
              />
            }
            flexWrap="wrap"
            justify="center"
            palette={
              Object {
                "backgroundColors": Object {
                  "background": "#FAFAFA",
                  "black": "#000000",
                  "darkgray1": "#777777",
                  "darkgray2": "#454545",
                  "gray1": "#E0E0E0",
                  "gray2": "#E7E7E7",
                  "medgray1": "#757575",
                  "medgray2": "#888888",
                  "primary1": "#4169E1",
                  "primary2": "#212121",
                  "primary3": "#00796B",
                  "primary4": "#D32F2F",
                  "secondary1": "#2E7D32",
                  "secondary2": "#757575",
                  "secondary3": "#673AB7",
                  "secondary4": "#9C27B0",
                  "secondary5": "#00796B",
                  "secondary6": "#ECF0FC",
                  "text": "#212121",
                  "white": "#FFFFFF",
                },
                "borderColors": Object {
                  "background": "#FAFAFA",
                  "black": "#000000",
                  "darkgray1": "#777777",
                  "darkgray2": "#454545",
                  "gray1": "#E0E0E0",
                  "gray2": "#E7E7E7",
                  "medgray1": "#757575",
                  "medgray2": "#888888",
                  "primary1": "#4169E1",
                  "primary2": "#212121",
                  "primary3": "#00796B",
                  "primary4": "#D32F2F",
                  "secondary1": "#2E7D32",
                  "secondary2": "#757575",
                  "secondary3": "#673AB7",
                  "secondary4": "#9C27B0",
                  "secondary5": "#00796B",
                  "secondary6": "#ECF0FC",
                  "text": "#212121",
                  "white": "#FFFFFF",
                },
                "fontColors": Object {
                  "background": "#FAFAFA",
                  "black": "#000000",
                  "darkgray1": "#777777",
                  "darkgray2": "#454545",
                  "gray1": "#E0E0E0",
                  "gray2": "#E7E7E7",
                  "medgray1": "#757575",
                  "medgray2": "#888888",
                  "primary1": "#4169E1",
                  "primary2": "#212121",
                  "primary3": "#00796B",
                  "primary4": "#D32F2F",
                  "secondary1": "#2E7D32",
                  "secondary2": "#757575",
                  "secondary3": "#673AB7",
                  "secondary4": "#9C27B0",
                  "secondary5": "#00796B",
                  "secondary6": "#ECF0FC",
                  "text": "#212121",
                  "white": "#FFFFFF",
                },
              }
            }
            spacing={20}
            style={Object {}}
            transition="0.2s all"
          >
            <Component
              align="initial"
              className="sc-gtssRu iXkelt"
              direction="column"
              divider={
                <span
                  style={
                    Object {
                      "width": 1,
                    }
                  }
                />
              }
              flexWrap="wrap"
              justify="center"
              palette={
                Object {
                  "backgroundColors": Object {
                    "background": "#FAFAFA",
                    "black": "#000000",
                    "darkgray1": "#777777",
                    "darkgray2": "#454545",
                    "gray1": "#E0E0E0",
                    "gray2": "#E7E7E7",
                    "medgray1": "#757575",
                    "medgray2": "#888888",
                    "primary1": "#4169E1",
                    "primary2": "#212121",
                    "primary3": "#00796B",
                    "primary4": "#D32F2F",
                    "secondary1": "#2E7D32",
                    "secondary2": "#757575",
                    "secondary3": "#673AB7",
                    "secondary4": "#9C27B0",
                    "secondary5": "#00796B",
                    "secondary6": "#ECF0FC",
                    "text": "#212121",
                    "white": "#FFFFFF",
                  },
                  "borderColors": Object {
                    "background": "#FAFAFA",
                    "black": "#000000",
                    "darkgray1": "#777777",
                    "darkgray2": "#454545",
                    "gray1": "#E0E0E0",
                    "gray2": "#E7E7E7",
                    "medgray1": "#757575",
                    "medgray2": "#888888",
                    "primary1": "#4169E1",
                    "primary2": "#212121",
                    "primary3": "#00796B",
                    "primary4": "#D32F2F",
                    "secondary1": "#2E7D32",
                    "secondary2": "#757575",
                    "secondary3": "#673AB7",
                    "secondary4": "#9C27B0",
                    "secondary5": "#00796B",
                    "secondary6": "#ECF0FC",
                    "text": "#212121",
                    "white": "#FFFFFF",
                  },
                  "fontColors": Object {
                    "background": "#FAFAFA",
                    "black": "#000000",
                    "darkgray1": "#777777",
                    "darkgray2": "#454545",
                    "gray1": "#E0E0E0",
                    "gray2": "#E7E7E7",
                    "medgray1": "#757575",
                    "medgray2": "#888888",
                    "primary1": "#4169E1",
                    "primary2": "#212121",
                    "primary3": "#00796B",
                    "primary4": "#D32F2F",
                    "secondary1": "#2E7D32",
                    "secondary2": "#757575",
                    "secondary3": "#673AB7",
                    "secondary4": "#9C27B0",
                    "secondary5": "#00796B",
                    "secondary6": "#ECF0FC",
                    "text": "#212121",
                    "white": "#FFFFFF",
                  },
                }
              }
              spacing={20}
              style={Object {}}
              transition="0.2s all"
            >
              <StyledBox
                align="initial"
                className="sc-gtssRu iXkelt"
                direction="column"
                divider={
                  <span
                    style={
                      Object {
                        "width": 1,
                      }
                    }
                  />
                }
                flexWrap="wrap"
                justify="center"
                palette={
                  Object {
                    "backgroundColors": Object {
                      "background": "#FAFAFA",
                      "black": "#000000",
                      "darkgray1": "#777777",
                      "darkgray2": "#454545",
                      "gray1": "#E0E0E0",
                      "gray2": "#E7E7E7",
                      "medgray1": "#757575",
                      "medgray2": "#888888",
                      "primary1": "#4169E1",
                      "primary2": "#212121",
                      "primary3": "#00796B",
                      "primary4": "#D32F2F",
                      "secondary1": "#2E7D32",
                      "secondary2": "#757575",
                      "secondary3": "#673AB7",
                      "secondary4": "#9C27B0",
                      "secondary5": "#00796B",
                      "secondary6": "#ECF0FC",
                      "text": "#212121",
                      "white": "#FFFFFF",
                    },
                    "borderColors": Object {
                      "background": "#FAFAFA",
                      "black": "#000000",
                      "darkgray1": "#777777",
                      "darkgray2": "#454545",
                      "gray1": "#E0E0E0",
                      "gray2": "#E7E7E7",
                      "medgray1": "#757575",
                      "medgray2": "#888888",
                      "primary1": "#4169E1",
                      "primary2": "#212121",
                      "primary3": "#00796B",
                      "primary4": "#D32F2F",
                      "secondary1": "#2E7D32",
                      "secondary2": "#757575",
                      "secondary3": "#673AB7",
                      "secondary4": "#9C27B0",
                      "secondary5": "#00796B",
                      "secondary6": "#ECF0FC",
                      "text": "#212121",
                      "white": "#FFFFFF",
                    },
                    "fontColors": Object {
                      "background": "#FAFAFA",
                      "black": "#000000",
                      "darkgray1": "#777777",
                      "darkgray2": "#454545",
                      "gray1": "#E0E0E0",
                      "gray2": "#E7E7E7",
                      "medgray1": "#757575",
                      "medgray2": "#888888",
                      "primary1": "#4169E1",
                      "primary2": "#212121",
                      "primary3": "#00796B",
                      "primary4": "#D32F2F",
                      "secondary1": "#2E7D32",
                      "secondary2": "#757575",
                      "secondary3": "#673AB7",
                      "secondary4": "#9C27B0",
                      "secondary5": "#00796B",
                      "secondary6": "#ECF0FC",
                      "text": "#212121",
                      "white": "#FFFFFF",
                    },
                  }
                }
                spacing={20}
                style={Object {}}
                transition="0.2s all"
              >
                <div
                  className="sc-bdnylx cshEil sc-gtssRu iXkelt"
                  direction="column"
                  spacing={20}
                  style={Object {}}
                >
                  <div
                    key="0"
                    style={
                      Object {
                        "backgroundColor": "red",
                        "height": 40,
                        "width": 40,
                      }
                    }
                  />
                  <div
                    key=".1"
                  />
                  <Box
                    className=""
                    my={20}
                    style={Object {}}
                    transition="0.2s all"
                  >
                    <Component
                      className=""
                      my={20}
                      palette={
                        Object {
                          "backgroundColors": Object {
                            "background": "#FAFAFA",
                            "black": "#000000",
                            "darkgray1": "#777777",
                            "darkgray2": "#454545",
                            "gray1": "#E0E0E0",
                            "gray2": "#E7E7E7",
                            "medgray1": "#757575",
                            "medgray2": "#888888",
                            "primary1": "#4169E1",
                            "primary2": "#212121",
                            "primary3": "#00796B",
                            "primary4": "#D32F2F",
                            "secondary1": "#2E7D32",
                            "secondary2": "#757575",
                            "secondary3": "#673AB7",
                            "secondary4": "#9C27B0",
                            "secondary5": "#00796B",
                            "secondary6": "#ECF0FC",
                            "text": "#212121",
                            "white": "#FFFFFF",
                          },
                          "borderColors": Object {
                            "background": "#FAFAFA",
                            "black": "#000000",
                            "darkgray1": "#777777",
                            "darkgray2": "#454545",
                            "gray1": "#E0E0E0",
                            "gray2": "#E7E7E7",
                            "medgray1": "#757575",
                            "medgray2": "#888888",
                            "primary1": "#4169E1",
                            "primary2": "#212121",
                            "primary3": "#00796B",
                            "primary4": "#D32F2F",
                            "secondary1": "#2E7D32",
                            "secondary2": "#757575",
                            "secondary3": "#673AB7",
                            "secondary4": "#9C27B0",
                            "secondary5": "#00796B",
                            "secondary6": "#ECF0FC",
                            "text": "#212121",
                            "white": "#FFFFFF",
                          },
                          "fontColors": Object {
                            "background": "#FAFAFA",
                            "black": "#000000",
                            "darkgray1": "#777777",
                            "darkgray2": "#454545",
                            "gray1": "#E0E0E0",
                            "gray2": "#E7E7E7",
                            "medgray1": "#757575",
                            "medgray2": "#888888",
                            "primary1": "#4169E1",
                            "primary2": "#212121",
                            "primary3": "#00796B",
                            "primary4": "#D32F2F",
                            "secondary1": "#2E7D32",
                            "secondary2": "#757575",
                            "secondary3": "#673AB7",
                            "secondary4": "#9C27B0",
                            "secondary5": "#00796B",
                            "secondary6": "#ECF0FC",
                            "text": "#212121",
                            "white": "#FFFFFF",
                          },
                        }
                      }
                      style={Object {}}
                      transition="0.2s all"
                    >
                      <StyledBox
                        className=""
                        my={20}
                        palette={
                          Object {
                            "backgroundColors": Object {
                              "background": "#FAFAFA",
                              "black": "#000000",
                              "darkgray1": "#777777",
                              "darkgray2": "#454545",
                              "gray1": "#E0E0E0",
                              "gray2": "#E7E7E7",
                              "medgray1": "#757575",
                              "medgray2": "#888888",
                              "primary1": "#4169E1",
                              "primary2": "#212121",
                              "primary3": "#00796B",
                              "primary4": "#D32F2F",
                              "secondary1": "#2E7D32",
                              "secondary2": "#757575",
                              "secondary3": "#673AB7",
                              "secondary4": "#9C27B0",
                              "secondary5": "#00796B",
                              "secondary6": "#ECF0FC",
                              "text": "#212121",
                              "white": "#FFFFFF",
                            },
                            "borderColors": Object {
                              "background": "#FAFAFA",
                              "black": "#000000",
                              "darkgray1": "#777777",
                              "darkgray2": "#454545",
                              "gray1": "#E0E0E0",
                              "gray2": "#E7E7E7",
                              "medgray1": "#757575",
                              "medgray2": "#888888",
                              "primary1": "#4169E1",
                              "primary2": "#212121",
                              "primary3": "#00796B",
                              "primary4": "#D32F2F",
                              "secondary1": "#2E7D32",
                              "secondary2": "#757575",
                              "secondary3": "#673AB7",
                              "secondary4": "#9C27B0",
                              "secondary5": "#00796B",
                              "secondary6": "#ECF0FC",
                              "text": "#212121",
                              "white": "#FFFFFF",
                            },
                            "fontColors": Object {
                              "background": "#FAFAFA",
                              "black": "#000000",
                              "darkgray1": "#777777",
                              "darkgray2": "#454545",
                              "gray1": "#E0E0E0",
                              "gray2": "#E7E7E7",
                              "medgray1": "#757575",
                              "medgray2": "#888888",
                              "primary1": "#4169E1",
                              "primary2": "#212121",
                              "primary3": "#00796B",
                              "primary4": "#D32F2F",
                              "secondary1": "#2E7D32",
                              "secondary2": "#757575",
                              "secondary3": "#673AB7",
                              "secondary4": "#9C27B0",
                              "secondary5": "#00796B",
                              "secondary6": "#ECF0FC",
                              "text": "#212121",
                              "white": "#FFFFFF",
                            },
                          }
                        }
                        style={Object {}}
                        transition="0.2s all"
                      >
                        <div
                          className="sc-bdnylx ggKiRj"
                          style={Object {}}
                        >
                          <span
                            key="divider2"
                            style={
                              Object {
                                "width": 1,
                              }
                            }
                          />
                        </div>
                      </StyledBox>
                    </Component>
                  </Box>
                  <div
                    key="2"
                    style={
                      Object {
                        "backgroundColor": "green",
                        "height": 40,
                        "width": 40,
                      }
                    }
                  />
                  <div
                    key=".3"
                  />
                  <Box
                    className=""
                    my={20}
                    style={Object {}}
                    transition="0.2s all"
                  >
                    <Component
                      className=""
                      my={20}
                      palette={
                        Object {
                          "backgroundColors": Object {
                            "background": "#FAFAFA",
                            "black": "#000000",
                            "darkgray1": "#777777",
                            "darkgray2": "#454545",
                            "gray1": "#E0E0E0",
                            "gray2": "#E7E7E7",
                            "medgray1": "#757575",
                            "medgray2": "#888888",
                            "primary1": "#4169E1",
                            "primary2": "#212121",
                            "primary3": "#00796B",
                            "primary4": "#D32F2F",
                            "secondary1": "#2E7D32",
                            "secondary2": "#757575",
                            "secondary3": "#673AB7",
                            "secondary4": "#9C27B0",
                            "secondary5": "#00796B",
                            "secondary6": "#ECF0FC",
                            "text": "#212121",
                            "white": "#FFFFFF",
                          },
                          "borderColors": Object {
                            "background": "#FAFAFA",
                            "black": "#000000",
                            "darkgray1": "#777777",
                            "darkgray2": "#454545",
                            "gray1": "#E0E0E0",
                            "gray2": "#E7E7E7",
                            "medgray1": "#757575",
                            "medgray2": "#888888",
                            "primary1": "#4169E1",
                            "primary2": "#212121",
                            "primary3": "#00796B",
                            "primary4": "#D32F2F",
                            "secondary1": "#2E7D32",
                            "secondary2": "#757575",
                            "secondary3": "#673AB7",
                            "secondary4": "#9C27B0",
                            "secondary5": "#00796B",
                            "secondary6": "#ECF0FC",
                            "text": "#212121",
                            "white": "#FFFFFF",
                          },
                          "fontColors": Object {
                            "background": "#FAFAFA",
                            "black": "#000000",
                            "darkgray1": "#777777",
                            "darkgray2": "#454545",
                            "gray1": "#E0E0E0",
                            "gray2": "#E7E7E7",
                            "medgray1": "#757575",
                            "medgray2": "#888888",
                            "primary1": "#4169E1",
                            "primary2": "#212121",
                            "primary3": "#00796B",
                            "primary4": "#D32F2F",
                            "secondary1": "#2E7D32",
                            "secondary2": "#757575",
                            "secondary3": "#673AB7",
                            "secondary4": "#9C27B0",
                            "secondary5": "#00796B",
                            "secondary6": "#ECF0FC",
                            "text": "#212121",
                            "white": "#FFFFFF",
                          },
                        }
                      }
                      style={Object {}}
                      transition="0.2s all"
                    >
                      <StyledBox
                        className=""
                        my={20}
                        palette={
                          Object {
                            "backgroundColors": Object {
                              "background": "#FAFAFA",
                              "black": "#000000",
                              "darkgray1": "#777777",
                              "darkgray2": "#454545",
                              "gray1": "#E0E0E0",
                              "gray2": "#E7E7E7",
                              "medgray1": "#757575",
                              "medgray2": "#888888",
                              "primary1": "#4169E1",
                              "primary2": "#212121",
                              "primary3": "#00796B",
                              "primary4": "#D32F2F",
                              "secondary1": "#2E7D32",
                              "secondary2": "#757575",
                              "secondary3": "#673AB7",
                              "secondary4": "#9C27B0",
                              "secondary5": "#00796B",
                              "secondary6": "#ECF0FC",
                              "text": "#212121",
                              "white": "#FFFFFF",
                            },
                            "borderColors": Object {
                              "background": "#FAFAFA",
                              "black": "#000000",
                              "darkgray1": "#777777",
                              "darkgray2": "#454545",
                              "gray1": "#E0E0E0",
                              "gray2": "#E7E7E7",
                              "medgray1": "#757575",
                              "medgray2": "#888888",
                              "primary1": "#4169E1",
                              "primary2": "#212121",
                              "primary3": "#00796B",
                              "primary4": "#D32F2F",
                              "secondary1": "#2E7D32",
                              "secondary2": "#757575",
                              "secondary3": "#673AB7",
                              "secondary4": "#9C27B0",
                              "secondary5": "#00796B",
                              "secondary6": "#ECF0FC",
                              "text": "#212121",
                              "white": "#FFFFFF",
                            },
                            "fontColors": Object {
                              "background": "#FAFAFA",
                              "black": "#000000",
                              "darkgray1": "#777777",
                              "darkgray2": "#454545",
                              "gray1": "#E0E0E0",
                              "gray2": "#E7E7E7",
                              "medgray1": "#757575",
                              "medgray2": "#888888",
                              "primary1": "#4169E1",
                              "primary2": "#212121",
                              "primary3": "#00796B",
                              "primary4": "#D32F2F",
                              "secondary1": "#2E7D32",
                              "secondary2": "#757575",
                              "secondary3": "#673AB7",
                              "secondary4": "#9C27B0",
                              "secondary5": "#00796B",
                              "secondary6": "#ECF0FC",
                              "text": "#212121",
                              "white": "#FFFFFF",
                            },
                          }
                        }
                        style={Object {}}
                        transition="0.2s all"
                      >
                        <div
                          className="sc-bdnylx ggKiRj"
                          style={Object {}}
                        >
                          <span
                            key="divider4"
                            style={
                              Object {
                                "width": 1,
                              }
                            }
                          />
                        </div>
                      </StyledBox>
                    </Component>
                  </Box>
                  <div
                    key="4"
                    style={
                      Object {
                        "backgroundColor": "blue",
                        "height": 40,
                        "width": 40,
                      }
                    }
                  />
                </div>
              </StyledBox>
            </Component>
          </Box>
        </StyledStack>
      </Component>
    </Stack>
  </Component>
</VStack>
`;
