// Jest Snapshot v1, https://goo.gl/fbAQLP

exports[`SmallIconButton renders correctly 1`] = `
<WithMooskinContext
  onClick={[MockFunction]}
>
  <Component
    onClick={[MockFunction]}
    palette={
      Object {
        "backgroundColors": Object {
          "background": "#FAFAFA",
          "black": "#000000",
          "darkgray1": "#777777",
          "darkgray2": "#454545",
          "gray1": "#E0E0E0",
          "gray2": "#E7E7E7",
          "medgray1": "#757575",
          "medgray2": "#888888",
          "primary1": "#4169E1",
          "primary2": "#212121",
          "primary3": "#00796B",
          "primary4": "#D32F2F",
          "secondary1": "#2E7D32",
          "secondary2": "#757575",
          "secondary3": "#673AB7",
          "secondary4": "#9C27B0",
          "secondary5": "#00796B",
          "secondary6": "#ECF0FC",
          "text": "#212121",
          "white": "#FFFFFF",
        },
        "borderColors": Object {
          "background": "#FAFAFA",
          "black": "#000000",
          "darkgray1": "#777777",
          "darkgray2": "#454545",
          "gray1": "#E0E0E0",
          "gray2": "#E7E7E7",
          "medgray1": "#757575",
          "medgray2": "#888888",
          "primary1": "#4169E1",
          "primary2": "#212121",
          "primary3": "#00796B",
          "primary4": "#D32F2F",
          "secondary1": "#2E7D32",
          "secondary2": "#757575",
          "secondary3": "#673AB7",
          "secondary4": "#9C27B0",
          "secondary5": "#00796B",
          "secondary6": "#ECF0FC",
          "text": "#212121",
          "white": "#FFFFFF",
        },
        "fontColors": Object {
          "background": "#FAFAFA",
          "black": "#000000",
          "darkgray1": "#777777",
          "darkgray2": "#454545",
          "gray1": "#E0E0E0",
          "gray2": "#E7E7E7",
          "medgray1": "#757575",
          "medgray2": "#888888",
          "primary1": "#4169E1",
          "primary2": "#212121",
          "primary3": "#00796B",
          "primary4": "#D32F2F",
          "secondary1": "#2E7D32",
          "secondary2": "#757575",
          "secondary3": "#673AB7",
          "secondary4": "#9C27B0",
          "secondary5": "#00796B",
          "secondary6": "#ECF0FC",
          "text": "#212121",
          "white": "#FFFFFF",
        },
      }
    }
  >
    <StyledIconButton
      onClick={[Function]}
      palette={
        Object {
          "backgroundColors": Object {
            "background": "#FAFAFA",
            "black": "#000000",
            "darkgray1": "#777777",
            "darkgray2": "#454545",
            "gray1": "#E0E0E0",
            "gray2": "#E7E7E7",
            "medgray1": "#757575",
            "medgray2": "#888888",
            "primary1": "#4169E1",
            "primary2": "#212121",
            "primary3": "#00796B",
            "primary4": "#D32F2F",
            "secondary1": "#2E7D32",
            "secondary2": "#757575",
            "secondary3": "#673AB7",
            "secondary4": "#9C27B0",
            "secondary5": "#00796B",
            "secondary6": "#ECF0FC",
            "text": "#212121",
            "white": "#FFFFFF",
          },
          "borderColors": Object {
            "background": "#FAFAFA",
            "black": "#000000",
            "darkgray1": "#777777",
            "darkgray2": "#454545",
            "gray1": "#E0E0E0",
            "gray2": "#E7E7E7",
            "medgray1": "#757575",
            "medgray2": "#888888",
            "primary1": "#4169E1",
            "primary2": "#212121",
            "primary3": "#00796B",
            "primary4": "#D32F2F",
            "secondary1": "#2E7D32",
            "secondary2": "#757575",
            "secondary3": "#673AB7",
            "secondary4": "#9C27B0",
            "secondary5": "#00796B",
            "secondary6": "#ECF0FC",
            "text": "#212121",
            "white": "#FFFFFF",
          },
          "fontColors": Object {
            "background": "#FAFAFA",
            "black": "#000000",
            "darkgray1": "#777777",
            "darkgray2": "#454545",
            "gray1": "#E0E0E0",
            "gray2": "#E7E7E7",
            "medgray1": "#757575",
            "medgray2": "#888888",
            "primary1": "#4169E1",
            "primary2": "#212121",
            "primary3": "#00796B",
            "primary4": "#D32F2F",
            "secondary1": "#2E7D32",
            "secondary2": "#757575",
            "secondary3": "#673AB7",
            "secondary4": "#9C27B0",
            "secondary5": "#00796B",
            "secondary6": "#ECF0FC",
            "text": "#212121",
            "white": "#FFFFFF",
          },
        }
      }
    >
      <Box
        className="sc-gtssRu fehwhe"
        onClick={[Function]}
        palette={
          Object {
            "backgroundColors": Object {
              "background": "#FAFAFA",
              "black": "#000000",
              "darkgray1": "#777777",
              "darkgray2": "#454545",
              "gray1": "#E0E0E0",
              "gray2": "#E7E7E7",
              "medgray1": "#757575",
              "medgray2": "#888888",
              "primary1": "#4169E1",
              "primary2": "#212121",
              "primary3": "#00796B",
              "primary4": "#D32F2F",
              "secondary1": "#2E7D32",
              "secondary2": "#757575",
              "secondary3": "#673AB7",
              "secondary4": "#9C27B0",
              "secondary5": "#00796B",
              "secondary6": "#ECF0FC",
              "text": "#212121",
              "white": "#FFFFFF",
            },
            "borderColors": Object {
              "background": "#FAFAFA",
              "black": "#000000",
              "darkgray1": "#777777",
              "darkgray2": "#454545",
              "gray1": "#E0E0E0",
              "gray2": "#E7E7E7",
              "medgray1": "#757575",
              "medgray2": "#888888",
              "primary1": "#4169E1",
              "primary2": "#212121",
              "primary3": "#00796B",
              "primary4": "#D32F2F",
              "secondary1": "#2E7D32",
              "secondary2": "#757575",
              "secondary3": "#673AB7",
              "secondary4": "#9C27B0",
              "secondary5": "#00796B",
              "secondary6": "#ECF0FC",
              "text": "#212121",
              "white": "#FFFFFF",
            },
            "fontColors": Object {
              "background": "#FAFAFA",
              "black": "#000000",
              "darkgray1": "#777777",
              "darkgray2": "#454545",
              "gray1": "#E0E0E0",
              "gray2": "#E7E7E7",
              "medgray1": "#757575",
              "medgray2": "#888888",
              "primary1": "#4169E1",
              "primary2": "#212121",
              "primary3": "#00796B",
              "primary4": "#D32F2F",
              "secondary1": "#2E7D32",
              "secondary2": "#757575",
              "secondary3": "#673AB7",
              "secondary4": "#9C27B0",
              "secondary5": "#00796B",
              "secondary6": "#ECF0FC",
              "text": "#212121",
              "white": "#FFFFFF",
            },
          }
        }
        style={Object {}}
        transition="0.2s all"
      >
        <Component
          className="sc-gtssRu fehwhe"
          onClick={[Function]}
          palette={
            Object {
              "backgroundColors": Object {
                "background": "#FAFAFA",
                "black": "#000000",
                "darkgray1": "#777777",
                "darkgray2": "#454545",
                "gray1": "#E0E0E0",
                "gray2": "#E7E7E7",
                "medgray1": "#757575",
                "medgray2": "#888888",
                "primary1": "#4169E1",
                "primary2": "#212121",
                "primary3": "#00796B",
                "primary4": "#D32F2F",
                "secondary1": "#2E7D32",
                "secondary2": "#757575",
                "secondary3": "#673AB7",
                "secondary4": "#9C27B0",
                "secondary5": "#00796B",
                "secondary6": "#ECF0FC",
                "text": "#212121",
                "white": "#FFFFFF",
              },
              "borderColors": Object {
                "background": "#FAFAFA",
                "black": "#000000",
                "darkgray1": "#777777",
                "darkgray2": "#454545",
                "gray1": "#E0E0E0",
                "gray2": "#E7E7E7",
                "medgray1": "#757575",
                "medgray2": "#888888",
                "primary1": "#4169E1",
                "primary2": "#212121",
                "primary3": "#00796B",
                "primary4": "#D32F2F",
                "secondary1": "#2E7D32",
                "secondary2": "#757575",
                "secondary3": "#673AB7",
                "secondary4": "#9C27B0",
                "secondary5": "#00796B",
                "secondary6": "#ECF0FC",
                "text": "#212121",
                "white": "#FFFFFF",
              },
              "fontColors": Object {
                "background": "#FAFAFA",
                "black": "#000000",
                "darkgray1": "#777777",
                "darkgray2": "#454545",
                "gray1": "#E0E0E0",
                "gray2": "#E7E7E7",
                "medgray1": "#757575",
                "medgray2": "#888888",
                "primary1": "#4169E1",
                "primary2": "#212121",
                "primary3": "#00796B",
                "primary4": "#D32F2F",
                "secondary1": "#2E7D32",
                "secondary2": "#757575",
                "secondary3": "#673AB7",
                "secondary4": "#9C27B0",
                "secondary5": "#00796B",
                "secondary6": "#ECF0FC",
                "text": "#212121",
                "white": "#FFFFFF",
              },
            }
          }
          style={Object {}}
          transition="0.2s all"
        >
          <StyledBox
            className="sc-gtssRu fehwhe"
            onClick={[Function]}
            palette={
              Object {
                "backgroundColors": Object {
                  "background": "#FAFAFA",
                  "black": "#000000",
                  "darkgray1": "#777777",
                  "darkgray2": "#454545",
                  "gray1": "#E0E0E0",
                  "gray2": "#E7E7E7",
                  "medgray1": "#757575",
                  "medgray2": "#888888",
                  "primary1": "#4169E1",
                  "primary2": "#212121",
                  "primary3": "#00796B",
                  "primary4": "#D32F2F",
                  "secondary1": "#2E7D32",
                  "secondary2": "#757575",
                  "secondary3": "#673AB7",
                  "secondary4": "#9C27B0",
                  "secondary5": "#00796B",
                  "secondary6": "#ECF0FC",
                  "text": "#212121",
                  "white": "#FFFFFF",
                },
                "borderColors": Object {
                  "background": "#FAFAFA",
                  "black": "#000000",
                  "darkgray1": "#777777",
                  "darkgray2": "#454545",
                  "gray1": "#E0E0E0",
                  "gray2": "#E7E7E7",
                  "medgray1": "#757575",
                  "medgray2": "#888888",
                  "primary1": "#4169E1",
                  "primary2": "#212121",
                  "primary3": "#00796B",
                  "primary4": "#D32F2F",
                  "secondary1": "#2E7D32",
                  "secondary2": "#757575",
                  "secondary3": "#673AB7",
                  "secondary4": "#9C27B0",
                  "secondary5": "#00796B",
                  "secondary6": "#ECF0FC",
                  "text": "#212121",
                  "white": "#FFFFFF",
                },
                "fontColors": Object {
                  "background": "#FAFAFA",
                  "black": "#000000",
                  "darkgray1": "#777777",
                  "darkgray2": "#454545",
                  "gray1": "#E0E0E0",
                  "gray2": "#E7E7E7",
                  "medgray1": "#757575",
                  "medgray2": "#888888",
                  "primary1": "#4169E1",
                  "primary2": "#212121",
                  "primary3": "#00796B",
                  "primary4": "#D32F2F",
                  "secondary1": "#2E7D32",
                  "secondary2": "#757575",
                  "secondary3": "#673AB7",
                  "secondary4": "#9C27B0",
                  "secondary5": "#00796B",
                  "secondary6": "#ECF0FC",
                  "text": "#212121",
                  "white": "#FFFFFF",
                },
              }
            }
            style={Object {}}
            transition="0.2s all"
          >
            <div
              className="sc-bdnylx jknATe sc-gtssRu fehwhe"
              onClick={[Function]}
              style={Object {}}
            >
              close
            </div>
          </StyledBox>
        </Component>
      </Box>
    </StyledIconButton>
  </Component>
</WithMooskinContext>
`;
