// Jest Snapshot v1, https://goo.gl/fbAQLP

exports[`Box renders Box correctly 1`] = `
<Box
  align="baseline"
  className=""
  m={5}
  p={5}
  style={Object {}}
  transition="0.2s all"
>
  <Component
    align="baseline"
    className=""
    m={5}
    p={5}
    palette={
      Object {
        "backgroundColors": Object {
          "accountNavigation": "#FFFFFF",
          "altWhite": "#FFFFFF",
          "autosExpression": "#212121",
          "background": "#FAFAFA",
          "black": "#000000",
          "checkboxUnselected": "rgba(0, 0, 0, 0.62)",
          "client": "#E0E0E0",
          "createNew": "#FFFFFF",
          "darkgray1": "#777777",
          "darkgray2": "#454545",
          "darkgray3": "#424242",
          "dropdown": "#FFFFFF",
          "gray1": "#E0E0E0",
          "gray2": "#E7E7E7",
          "grayAlpha": "rgba(0,0,0,0.17)",
          "inverseText": "#212121",
          "medgray1": "#757575",
          "medgray2": "#888888",
          "primary1": "#4169E1",
          "primary2": "#212121",
          "primary3": "#00796B",
          "primary4": "#D32F2F",
          "secondary1": "#2E7D32",
          "secondary2": "#757575",
          "secondary3": "#673AB7",
          "secondary4": "#9C27B0",
          "secondary5": "#00796B",
          "secondary6": "#ECF0FC",
          "submenu": "#FFFFFF",
          "text": "#212121",
          "white": "#FFFFFF",
        },
        "borderColors": Object {
          "accountNavigation": "#FFFFFF",
          "altWhite": "#FFFFFF",
          "autosExpression": "#212121",
          "background": "#FAFAFA",
          "black": "#000000",
          "checkboxUnselected": "rgba(0, 0, 0, 0.62)",
          "client": "#E0E0E0",
          "createNew": "#FFFFFF",
          "darkgray1": "#777777",
          "darkgray2": "#454545",
          "darkgray3": "#424242",
          "dropdown": "#FFFFFF",
          "gray1": "#E0E0E0",
          "gray2": "#E7E7E7",
          "grayAlpha": "rgba(0,0,0,0.17)",
          "inverseText": "#212121",
          "medgray1": "#757575",
          "medgray2": "#888888",
          "primary1": "#4169E1",
          "primary2": "#212121",
          "primary3": "#00796B",
          "primary4": "#D32F2F",
          "secondary1": "#2E7D32",
          "secondary2": "#757575",
          "secondary3": "#673AB7",
          "secondary4": "#9C27B0",
          "secondary5": "#00796B",
          "secondary6": "#ECF0FC",
          "submenu": "#FFFFFF",
          "text": "#212121",
          "white": "#FFFFFF",
        },
        "fontColors": Object {
          "accountNavigation": "#FFFFFF",
          "altWhite": "#FFFFFF",
          "autosExpression": "#212121",
          "background": "#FAFAFA",
          "black": "#000000",
          "checkboxUnselected": "rgba(0, 0, 0, 0.62)",
          "client": "#E0E0E0",
          "createNew": "#212121",
          "darkgray1": "#777777",
          "darkgray2": "#454545",
          "darkgray3": "#424242",
          "dropdown": "#212121",
          "gray1": "#E0E0E0",
          "gray2": "#E7E7E7",
          "grayAlpha": "rgba(0,0,0,0.17)",
          "inverseText": "#212121",
          "medgray1": "#757575",
          "medgray2": "#888888",
          "primary1": "#4169E1",
          "primary2": "#212121",
          "primary3": "#00796B",
          "primary4": "#D32F2F",
          "secondary1": "#2E7D32",
          "secondary2": "#757575",
          "secondary3": "#673AB7",
          "secondary4": "#9C27B0",
          "secondary5": "#00796B",
          "secondary6": "#ECF0FC",
          "submenu": "#FFFFFF",
          "text": "#212121",
          "white": "#FFFFFF",
        },
      }
    }
    style={Object {}}
    transition="0.2s all"
  >
    <StyledBox
      align="baseline"
      className=""
      m={5}
      p={5}
      palette={
        Object {
          "backgroundColors": Object {
            "accountNavigation": "#FFFFFF",
            "altWhite": "#FFFFFF",
            "autosExpression": "#212121",
            "background": "#FAFAFA",
            "black": "#000000",
            "checkboxUnselected": "rgba(0, 0, 0, 0.62)",
            "client": "#E0E0E0",
            "createNew": "#FFFFFF",
            "darkgray1": "#777777",
            "darkgray2": "#454545",
            "darkgray3": "#424242",
            "dropdown": "#FFFFFF",
            "gray1": "#E0E0E0",
            "gray2": "#E7E7E7",
            "grayAlpha": "rgba(0,0,0,0.17)",
            "inverseText": "#212121",
            "medgray1": "#757575",
            "medgray2": "#888888",
            "primary1": "#4169E1",
            "primary2": "#212121",
            "primary3": "#00796B",
            "primary4": "#D32F2F",
            "secondary1": "#2E7D32",
            "secondary2": "#757575",
            "secondary3": "#673AB7",
            "secondary4": "#9C27B0",
            "secondary5": "#00796B",
            "secondary6": "#ECF0FC",
            "submenu": "#FFFFFF",
            "text": "#212121",
            "white": "#FFFFFF",
          },
          "borderColors": Object {
            "accountNavigation": "#FFFFFF",
            "altWhite": "#FFFFFF",
            "autosExpression": "#212121",
            "background": "#FAFAFA",
            "black": "#000000",
            "checkboxUnselected": "rgba(0, 0, 0, 0.62)",
            "client": "#E0E0E0",
            "createNew": "#FFFFFF",
            "darkgray1": "#777777",
            "darkgray2": "#454545",
            "darkgray3": "#424242",
            "dropdown": "#FFFFFF",
            "gray1": "#E0E0E0",
            "gray2": "#E7E7E7",
            "grayAlpha": "rgba(0,0,0,0.17)",
            "inverseText": "#212121",
            "medgray1": "#757575",
            "medgray2": "#888888",
            "primary1": "#4169E1",
            "primary2": "#212121",
            "primary3": "#00796B",
            "primary4": "#D32F2F",
            "secondary1": "#2E7D32",
            "secondary2": "#757575",
            "secondary3": "#673AB7",
            "secondary4": "#9C27B0",
            "secondary5": "#00796B",
            "secondary6": "#ECF0FC",
            "submenu": "#FFFFFF",
            "text": "#212121",
            "white": "#FFFFFF",
          },
          "fontColors": Object {
            "accountNavigation": "#FFFFFF",
            "altWhite": "#FFFFFF",
            "autosExpression": "#212121",
            "background": "#FAFAFA",
            "black": "#000000",
            "checkboxUnselected": "rgba(0, 0, 0, 0.62)",
            "client": "#E0E0E0",
            "createNew": "#212121",
            "darkgray1": "#777777",
            "darkgray2": "#454545",
            "darkgray3": "#424242",
            "dropdown": "#212121",
            "gray1": "#E0E0E0",
            "gray2": "#E7E7E7",
            "grayAlpha": "rgba(0,0,0,0.17)",
            "inverseText": "#212121",
            "medgray1": "#757575",
            "medgray2": "#888888",
            "primary1": "#4169E1",
            "primary2": "#212121",
            "primary3": "#00796B",
            "primary4": "#D32F2F",
            "secondary1": "#2E7D32",
            "secondary2": "#757575",
            "secondary3": "#673AB7",
            "secondary4": "#9C27B0",
            "secondary5": "#00796B",
            "secondary6": "#ECF0FC",
            "submenu": "#FFFFFF",
            "text": "#212121",
            "white": "#FFFFFF",
          },
        }
      }
      style={Object {}}
      transition="0.2s all"
    >
      <div
        className="sc-bdnylx gKsrPu"
        style={Object {}}
      >
        Box
      </div>
    </StyledBox>
  </Component>
</Box>
`;
