// Jest Snapshot v1, https://goo.gl/fbAQLP

exports[`DateRange renders correctly 1`] = `
<DateRange
  className=""
  direction="horizontal"
  format="dd MMM yyyy"
  onChange={[MockFunction]}
  ranges={
    Array [
      Object {
        "endDate": 2016-06-20T12:08:10.000Z,
        "key": "selection",
        "startDate": 2016-06-20T12:08:10.000Z,
      },
    ]
  }
>
  <Component
    className=""
    direction="horizontal"
    format="dd MMM yyyy"
    onChange={[MockFunction]}
    palette={
      Object {
        "backgroundColors": Object {
          "background": "#FAFAFA",
          "black": "#000000",
          "darkgray1": "#777777",
          "darkgray2": "#454545",
          "gray1": "#E0E0E0",
          "gray2": "#E7E7E7",
          "medgray1": "#757575",
          "medgray2": "#888888",
          "primary1": "#4169E1",
          "primary2": "#212121",
          "primary3": "#00796B",
          "primary4": "#D32F2F",
          "secondary1": "#2E7D32",
          "secondary2": "#757575",
          "secondary3": "#673AB7",
          "secondary4": "#9C27B0",
          "secondary5": "#00796B",
          "secondary6": "#ECF0FC",
          "text": "#212121",
          "white": "#FFFFFF",
        },
        "borderColors": Object {
          "background": "#FAFAFA",
          "black": "#000000",
          "darkgray1": "#777777",
          "darkgray2": "#454545",
          "gray1": "#E0E0E0",
          "gray2": "#E7E7E7",
          "medgray1": "#757575",
          "medgray2": "#888888",
          "primary1": "#4169E1",
          "primary2": "#212121",
          "primary3": "#00796B",
          "primary4": "#D32F2F",
          "secondary1": "#2E7D32",
          "secondary2": "#757575",
          "secondary3": "#673AB7",
          "secondary4": "#9C27B0",
          "secondary5": "#00796B",
          "secondary6": "#ECF0FC",
          "text": "#212121",
          "white": "#FFFFFF",
        },
        "fontColors": Object {
          "background": "#FAFAFA",
          "black": "#000000",
          "darkgray1": "#777777",
          "darkgray2": "#454545",
          "gray1": "#E0E0E0",
          "gray2": "#E7E7E7",
          "medgray1": "#757575",
          "medgray2": "#888888",
          "primary1": "#4169E1",
          "primary2": "#212121",
          "primary3": "#00796B",
          "primary4": "#D32F2F",
          "secondary1": "#2E7D32",
          "secondary2": "#757575",
          "secondary3": "#673AB7",
          "secondary4": "#9C27B0",
          "secondary5": "#00796B",
          "secondary6": "#ECF0FC",
          "text": "#212121",
          "white": "#FFFFFF",
        },
      }
    }
    ranges={
      Array [
        Object {
          "endDate": 2016-06-20T12:08:10.000Z,
          "key": "selection",
          "startDate": 2016-06-20T12:08:10.000Z,
        },
      ]
    }
  >
    <Box
      className=""
      d="flex"
      position="relative"
      style={Object {}}
      transition="0.2s all"
    >
      <Component
        className=""
        d="flex"
        palette={
          Object {
            "backgroundColors": Object {
              "background": "#FAFAFA",
              "black": "#000000",
              "darkgray1": "#777777",
              "darkgray2": "#454545",
              "gray1": "#E0E0E0",
              "gray2": "#E7E7E7",
              "medgray1": "#757575",
              "medgray2": "#888888",
              "primary1": "#4169E1",
              "primary2": "#212121",
              "primary3": "#00796B",
              "primary4": "#D32F2F",
              "secondary1": "#2E7D32",
              "secondary2": "#757575",
              "secondary3": "#673AB7",
              "secondary4": "#9C27B0",
              "secondary5": "#00796B",
              "secondary6": "#ECF0FC",
              "text": "#212121",
              "white": "#FFFFFF",
            },
            "borderColors": Object {
              "background": "#FAFAFA",
              "black": "#000000",
              "darkgray1": "#777777",
              "darkgray2": "#454545",
              "gray1": "#E0E0E0",
              "gray2": "#E7E7E7",
              "medgray1": "#757575",
              "medgray2": "#888888",
              "primary1": "#4169E1",
              "primary2": "#212121",
              "primary3": "#00796B",
              "primary4": "#D32F2F",
              "secondary1": "#2E7D32",
              "secondary2": "#757575",
              "secondary3": "#673AB7",
              "secondary4": "#9C27B0",
              "secondary5": "#00796B",
              "secondary6": "#ECF0FC",
              "text": "#212121",
              "white": "#FFFFFF",
            },
            "fontColors": Object {
              "background": "#FAFAFA",
              "black": "#000000",
              "darkgray1": "#777777",
              "darkgray2": "#454545",
              "gray1": "#E0E0E0",
              "gray2": "#E7E7E7",
              "medgray1": "#757575",
              "medgray2": "#888888",
              "primary1": "#4169E1",
              "primary2": "#212121",
              "primary3": "#00796B",
              "primary4": "#D32F2F",
              "secondary1": "#2E7D32",
              "secondary2": "#757575",
              "secondary3": "#673AB7",
              "secondary4": "#9C27B0",
              "secondary5": "#00796B",
              "secondary6": "#ECF0FC",
              "text": "#212121",
              "white": "#FFFFFF",
            },
          }
        }
        position="relative"
        style={Object {}}
        transition="0.2s all"
      >
        <StyledBox
          className=""
          d="flex"
          palette={
            Object {
              "backgroundColors": Object {
                "background": "#FAFAFA",
                "black": "#000000",
                "darkgray1": "#777777",
                "darkgray2": "#454545",
                "gray1": "#E0E0E0",
                "gray2": "#E7E7E7",
                "medgray1": "#757575",
                "medgray2": "#888888",
                "primary1": "#4169E1",
                "primary2": "#212121",
                "primary3": "#00796B",
                "primary4": "#D32F2F",
                "secondary1": "#2E7D32",
                "secondary2": "#757575",
                "secondary3": "#673AB7",
                "secondary4": "#9C27B0",
                "secondary5": "#00796B",
                "secondary6": "#ECF0FC",
                "text": "#212121",
                "white": "#FFFFFF",
              },
              "borderColors": Object {
                "background": "#FAFAFA",
                "black": "#000000",
                "darkgray1": "#777777",
                "darkgray2": "#454545",
                "gray1": "#E0E0E0",
                "gray2": "#E7E7E7",
                "medgray1": "#757575",
                "medgray2": "#888888",
                "primary1": "#4169E1",
                "primary2": "#212121",
                "primary3": "#00796B",
                "primary4": "#D32F2F",
                "secondary1": "#2E7D32",
                "secondary2": "#757575",
                "secondary3": "#673AB7",
                "secondary4": "#9C27B0",
                "secondary5": "#00796B",
                "secondary6": "#ECF0FC",
                "text": "#212121",
                "white": "#FFFFFF",
              },
              "fontColors": Object {
                "background": "#FAFAFA",
                "black": "#000000",
                "darkgray1": "#777777",
                "darkgray2": "#454545",
                "gray1": "#E0E0E0",
                "gray2": "#E7E7E7",
                "medgray1": "#757575",
                "medgray2": "#888888",
                "primary1": "#4169E1",
                "primary2": "#212121",
                "primary3": "#00796B",
                "primary4": "#D32F2F",
                "secondary1": "#2E7D32",
                "secondary2": "#757575",
                "secondary3": "#673AB7",
                "secondary4": "#9C27B0",
                "secondary5": "#00796B",
                "secondary6": "#ECF0FC",
                "text": "#212121",
                "white": "#FFFFFF",
              },
            }
          }
          position="relative"
          style={Object {}}
          transition="0.2s all"
        >
          <div
            className="sc-bdnylx cFVWAa"
            d="flex"
            style={Object {}}
          >
            <Input
              className=""
              onFocus={[Function]}
              style={Object {}}
              value="20 Jun 2016 - 20 Jun 2016"
            >
              <Component
                className=""
                onFocus={[Function]}
                palette={
                  Object {
                    "backgroundColors": Object {
                      "background": "#FAFAFA",
                      "black": "#000000",
                      "darkgray1": "#777777",
                      "darkgray2": "#454545",
                      "gray1": "#E0E0E0",
                      "gray2": "#E7E7E7",
                      "medgray1": "#757575",
                      "medgray2": "#888888",
                      "primary1": "#4169E1",
                      "primary2": "#212121",
                      "primary3": "#00796B",
                      "primary4": "#D32F2F",
                      "secondary1": "#2E7D32",
                      "secondary2": "#757575",
                      "secondary3": "#673AB7",
                      "secondary4": "#9C27B0",
                      "secondary5": "#00796B",
                      "secondary6": "#ECF0FC",
                      "text": "#212121",
                      "white": "#FFFFFF",
                    },
                    "borderColors": Object {
                      "background": "#FAFAFA",
                      "black": "#000000",
                      "darkgray1": "#777777",
                      "darkgray2": "#454545",
                      "gray1": "#E0E0E0",
                      "gray2": "#E7E7E7",
                      "medgray1": "#757575",
                      "medgray2": "#888888",
                      "primary1": "#4169E1",
                      "primary2": "#212121",
                      "primary3": "#00796B",
                      "primary4": "#D32F2F",
                      "secondary1": "#2E7D32",
                      "secondary2": "#757575",
                      "secondary3": "#673AB7",
                      "secondary4": "#9C27B0",
                      "secondary5": "#00796B",
                      "secondary6": "#ECF0FC",
                      "text": "#212121",
                      "white": "#FFFFFF",
                    },
                    "fontColors": Object {
                      "background": "#FAFAFA",
                      "black": "#000000",
                      "darkgray1": "#777777",
                      "darkgray2": "#454545",
                      "gray1": "#E0E0E0",
                      "gray2": "#E7E7E7",
                      "medgray1": "#757575",
                      "medgray2": "#888888",
                      "primary1": "#4169E1",
                      "primary2": "#212121",
                      "primary3": "#00796B",
                      "primary4": "#D32F2F",
                      "secondary1": "#2E7D32",
                      "secondary2": "#757575",
                      "secondary3": "#673AB7",
                      "secondary4": "#9C27B0",
                      "secondary5": "#00796B",
                      "secondary6": "#ECF0FC",
                      "text": "#212121",
                      "white": "#FFFFFF",
                    },
                  }
                }
                style={Object {}}
                value="20 Jun 2016 - 20 Jun 2016"
              >
                <StyledInputSolo
                  boxAs="input"
                  className=""
                  onFocus={[Function]}
                  palette={
                    Object {
                      "backgroundColors": Object {
                        "background": "#FAFAFA",
                        "black": "#000000",
                        "darkgray1": "#777777",
                        "darkgray2": "#454545",
                        "gray1": "#E0E0E0",
                        "gray2": "#E7E7E7",
                        "medgray1": "#757575",
                        "medgray2": "#888888",
                        "primary1": "#4169E1",
                        "primary2": "#212121",
                        "primary3": "#00796B",
                        "primary4": "#D32F2F",
                        "secondary1": "#2E7D32",
                        "secondary2": "#757575",
                        "secondary3": "#673AB7",
                        "secondary4": "#9C27B0",
                        "secondary5": "#00796B",
                        "secondary6": "#ECF0FC",
                        "text": "#212121",
                        "white": "#FFFFFF",
                      },
                      "borderColors": Object {
                        "background": "#FAFAFA",
                        "black": "#000000",
                        "darkgray1": "#777777",
                        "darkgray2": "#454545",
                        "gray1": "#E0E0E0",
                        "gray2": "#E7E7E7",
                        "medgray1": "#757575",
                        "medgray2": "#888888",
                        "primary1": "#4169E1",
                        "primary2": "#212121",
                        "primary3": "#00796B",
                        "primary4": "#D32F2F",
                        "secondary1": "#2E7D32",
                        "secondary2": "#757575",
                        "secondary3": "#673AB7",
                        "secondary4": "#9C27B0",
                        "secondary5": "#00796B",
                        "secondary6": "#ECF0FC",
                        "text": "#212121",
                        "white": "#FFFFFF",
                      },
                      "fontColors": Object {
                        "background": "#FAFAFA",
                        "black": "#000000",
                        "darkgray1": "#777777",
                        "darkgray2": "#454545",
                        "gray1": "#E0E0E0",
                        "gray2": "#E7E7E7",
                        "medgray1": "#757575",
                        "medgray2": "#888888",
                        "primary1": "#4169E1",
                        "primary2": "#212121",
                        "primary3": "#00796B",
                        "primary4": "#D32F2F",
                        "secondary1": "#2E7D32",
                        "secondary2": "#757575",
                        "secondary3": "#673AB7",
                        "secondary4": "#9C27B0",
                        "secondary5": "#00796B",
                        "secondary6": "#ECF0FC",
                        "text": "#212121",
                        "white": "#FFFFFF",
                      },
                    }
                  }
                  style={Object {}}
                  value="20 Jun 2016 - 20 Jun 2016"
                >
                  <Box
                    boxAs="input"
                    className="sc-eCApGN sc-jSFkmK fQlSyR kGAihP"
                    onFocus={[Function]}
                    palette={
                      Object {
                        "backgroundColors": Object {
                          "background": "#FAFAFA",
                          "black": "#000000",
                          "darkgray1": "#777777",
                          "darkgray2": "#454545",
                          "gray1": "#E0E0E0",
                          "gray2": "#E7E7E7",
                          "medgray1": "#757575",
                          "medgray2": "#888888",
                          "primary1": "#4169E1",
                          "primary2": "#212121",
                          "primary3": "#00796B",
                          "primary4": "#D32F2F",
                          "secondary1": "#2E7D32",
                          "secondary2": "#757575",
                          "secondary3": "#673AB7",
                          "secondary4": "#9C27B0",
                          "secondary5": "#00796B",
                          "secondary6": "#ECF0FC",
                          "text": "#212121",
                          "white": "#FFFFFF",
                        },
                        "borderColors": Object {
                          "background": "#FAFAFA",
                          "black": "#000000",
                          "darkgray1": "#777777",
                          "darkgray2": "#454545",
                          "gray1": "#E0E0E0",
                          "gray2": "#E7E7E7",
                          "medgray1": "#757575",
                          "medgray2": "#888888",
                          "primary1": "#4169E1",
                          "primary2": "#212121",
                          "primary3": "#00796B",
                          "primary4": "#D32F2F",
                          "secondary1": "#2E7D32",
                          "secondary2": "#757575",
                          "secondary3": "#673AB7",
                          "secondary4": "#9C27B0",
                          "secondary5": "#00796B",
                          "secondary6": "#ECF0FC",
                          "text": "#212121",
                          "white": "#FFFFFF",
                        },
                        "fontColors": Object {
                          "background": "#FAFAFA",
                          "black": "#000000",
                          "darkgray1": "#777777",
                          "darkgray2": "#454545",
                          "gray1": "#E0E0E0",
                          "gray2": "#E7E7E7",
                          "medgray1": "#757575",
                          "medgray2": "#888888",
                          "primary1": "#4169E1",
                          "primary2": "#212121",
                          "primary3": "#00796B",
                          "primary4": "#D32F2F",
                          "secondary1": "#2E7D32",
                          "secondary2": "#757575",
                          "secondary3": "#673AB7",
                          "secondary4": "#9C27B0",
                          "secondary5": "#00796B",
                          "secondary6": "#ECF0FC",
                          "text": "#212121",
                          "white": "#FFFFFF",
                        },
                      }
                    }
                    style={Object {}}
                    transition="0.2s all"
                    value="20 Jun 2016 - 20 Jun 2016"
                  >
                    <Component
                      boxAs="input"
                      className="sc-eCApGN sc-jSFkmK fQlSyR kGAihP"
                      onFocus={[Function]}
                      palette={
                        Object {
                          "backgroundColors": Object {
                            "background": "#FAFAFA",
                            "black": "#000000",
                            "darkgray1": "#777777",
                            "darkgray2": "#454545",
                            "gray1": "#E0E0E0",
                            "gray2": "#E7E7E7",
                            "medgray1": "#757575",
                            "medgray2": "#888888",
                            "primary1": "#4169E1",
                            "primary2": "#212121",
                            "primary3": "#00796B",
                            "primary4": "#D32F2F",
                            "secondary1": "#2E7D32",
                            "secondary2": "#757575",
                            "secondary3": "#673AB7",
                            "secondary4": "#9C27B0",
                            "secondary5": "#00796B",
                            "secondary6": "#ECF0FC",
                            "text": "#212121",
                            "white": "#FFFFFF",
                          },
                          "borderColors": Object {
                            "background": "#FAFAFA",
                            "black": "#000000",
                            "darkgray1": "#777777",
                            "darkgray2": "#454545",
                            "gray1": "#E0E0E0",
                            "gray2": "#E7E7E7",
                            "medgray1": "#757575",
                            "medgray2": "#888888",
                            "primary1": "#4169E1",
                            "primary2": "#212121",
                            "primary3": "#00796B",
                            "primary4": "#D32F2F",
                            "secondary1": "#2E7D32",
                            "secondary2": "#757575",
                            "secondary3": "#673AB7",
                            "secondary4": "#9C27B0",
                            "secondary5": "#00796B",
                            "secondary6": "#ECF0FC",
                            "text": "#212121",
                            "white": "#FFFFFF",
                          },
                          "fontColors": Object {
                            "background": "#FAFAFA",
                            "black": "#000000",
                            "darkgray1": "#777777",
                            "darkgray2": "#454545",
                            "gray1": "#E0E0E0",
                            "gray2": "#E7E7E7",
                            "medgray1": "#757575",
                            "medgray2": "#888888",
                            "primary1": "#4169E1",
                            "primary2": "#212121",
                            "primary3": "#00796B",
                            "primary4": "#D32F2F",
                            "secondary1": "#2E7D32",
                            "secondary2": "#757575",
                            "secondary3": "#673AB7",
                            "secondary4": "#9C27B0",
                            "secondary5": "#00796B",
                            "secondary6": "#ECF0FC",
                            "text": "#212121",
                            "white": "#FFFFFF",
                          },
                        }
                      }
                      style={Object {}}
                      transition="0.2s all"
                      value="20 Jun 2016 - 20 Jun 2016"
                    >
                      <StyledBox
                        as="input"
                        boxAs="input"
                        className="sc-eCApGN sc-jSFkmK fQlSyR kGAihP"
                        onFocus={[Function]}
                        palette={
                          Object {
                            "backgroundColors": Object {
                              "background": "#FAFAFA",
                              "black": "#000000",
                              "darkgray1": "#777777",
                              "darkgray2": "#454545",
                              "gray1": "#E0E0E0",
                              "gray2": "#E7E7E7",
                              "medgray1": "#757575",
                              "medgray2": "#888888",
                              "primary1": "#4169E1",
                              "primary2": "#212121",
                              "primary3": "#00796B",
                              "primary4": "#D32F2F",
                              "secondary1": "#2E7D32",
                              "secondary2": "#757575",
                              "secondary3": "#673AB7",
                              "secondary4": "#9C27B0",
                              "secondary5": "#00796B",
                              "secondary6": "#ECF0FC",
                              "text": "#212121",
                              "white": "#FFFFFF",
                            },
                            "borderColors": Object {
                              "background": "#FAFAFA",
                              "black": "#000000",
                              "darkgray1": "#777777",
                              "darkgray2": "#454545",
                              "gray1": "#E0E0E0",
                              "gray2": "#E7E7E7",
                              "medgray1": "#757575",
                              "medgray2": "#888888",
                              "primary1": "#4169E1",
                              "primary2": "#212121",
                              "primary3": "#00796B",
                              "primary4": "#D32F2F",
                              "secondary1": "#2E7D32",
                              "secondary2": "#757575",
                              "secondary3": "#673AB7",
                              "secondary4": "#9C27B0",
                              "secondary5": "#00796B",
                              "secondary6": "#ECF0FC",
                              "text": "#212121",
                              "white": "#FFFFFF",
                            },
                            "fontColors": Object {
                              "background": "#FAFAFA",
                              "black": "#000000",
                              "darkgray1": "#777777",
                              "darkgray2": "#454545",
                              "gray1": "#E0E0E0",
                              "gray2": "#E7E7E7",
                              "medgray1": "#757575",
                              "medgray2": "#888888",
                              "primary1": "#4169E1",
                              "primary2": "#212121",
                              "primary3": "#00796B",
                              "primary4": "#D32F2F",
                              "secondary1": "#2E7D32",
                              "secondary2": "#757575",
                              "secondary3": "#673AB7",
                              "secondary4": "#9C27B0",
                              "secondary5": "#00796B",
                              "secondary6": "#ECF0FC",
                              "text": "#212121",
                              "white": "#FFFFFF",
                            },
                          }
                        }
                        style={Object {}}
                        transition="0.2s all"
                        value="20 Jun 2016 - 20 Jun 2016"
                      >
                        <input
                          className="sc-bdnylx jknATe sc-eCApGN sc-jSFkmK fQlSyR kGAihP"
                          onFocus={[Function]}
                          style={Object {}}
                          value="20 Jun 2016 - 20 Jun 2016"
                        />
                      </StyledBox>
                    </Component>
                  </Box>
                </StyledInputSolo>
              </Component>
            </Input>
          </div>
        </StyledBox>
      </Component>
    </Box>
  </Component>
</DateRange>
`;
