// Jest Snapshot v1, https://goo.gl/fbAQLP

exports[`Image renders correctly 1`] = `
<Image
  className=""
  src="asd"
  style={Object {}}
>
  <Component
    className=""
    palette={
      Object {
        "backgroundColors": Object {
          "background": "#FAFAFA",
          "black": "#000000",
          "darkgray1": "#777777",
          "darkgray2": "#454545",
          "gray1": "#E0E0E0",
          "gray2": "#E7E7E7",
          "medgray1": "#757575",
          "medgray2": "#888888",
          "primary1": "#4169E1",
          "primary2": "#212121",
          "primary3": "#00796B",
          "primary4": "#D32F2F",
          "secondary1": "#2E7D32",
          "secondary2": "#757575",
          "secondary3": "#673AB7",
          "secondary4": "#9C27B0",
          "secondary5": "#00796B",
          "secondary6": "#ECF0FC",
          "text": "#212121",
          "white": "#FFFFFF",
        },
        "borderColors": Object {
          "background": "#FAFAFA",
          "black": "#000000",
          "darkgray1": "#777777",
          "darkgray2": "#454545",
          "gray1": "#E0E0E0",
          "gray2": "#E7E7E7",
          "medgray1": "#757575",
          "medgray2": "#888888",
          "primary1": "#4169E1",
          "primary2": "#212121",
          "primary3": "#00796B",
          "primary4": "#D32F2F",
          "secondary1": "#2E7D32",
          "secondary2": "#757575",
          "secondary3": "#673AB7",
          "secondary4": "#9C27B0",
          "secondary5": "#00796B",
          "secondary6": "#ECF0FC",
          "text": "#212121",
          "white": "#FFFFFF",
        },
        "fontColors": Object {
          "background": "#FAFAFA",
          "black": "#000000",
          "darkgray1": "#777777",
          "darkgray2": "#454545",
          "gray1": "#E0E0E0",
          "gray2": "#E7E7E7",
          "medgray1": "#757575",
          "medgray2": "#888888",
          "primary1": "#4169E1",
          "primary2": "#212121",
          "primary3": "#00796B",
          "primary4": "#D32F2F",
          "secondary1": "#2E7D32",
          "secondary2": "#757575",
          "secondary3": "#673AB7",
          "secondary4": "#9C27B0",
          "secondary5": "#00796B",
          "secondary6": "#ECF0FC",
          "text": "#212121",
          "white": "#FFFFFF",
        },
      }
    }
    src="asd"
    style={Object {}}
  >
    <StyledImage
      boxAs="img"
      className=""
      palette={
        Object {
          "backgroundColors": Object {
            "background": "#FAFAFA",
            "black": "#000000",
            "darkgray1": "#777777",
            "darkgray2": "#454545",
            "gray1": "#E0E0E0",
            "gray2": "#E7E7E7",
            "medgray1": "#757575",
            "medgray2": "#888888",
            "primary1": "#4169E1",
            "primary2": "#212121",
            "primary3": "#00796B",
            "primary4": "#D32F2F",
            "secondary1": "#2E7D32",
            "secondary2": "#757575",
            "secondary3": "#673AB7",
            "secondary4": "#9C27B0",
            "secondary5": "#00796B",
            "secondary6": "#ECF0FC",
            "text": "#212121",
            "white": "#FFFFFF",
          },
          "borderColors": Object {
            "background": "#FAFAFA",
            "black": "#000000",
            "darkgray1": "#777777",
            "darkgray2": "#454545",
            "gray1": "#E0E0E0",
            "gray2": "#E7E7E7",
            "medgray1": "#757575",
            "medgray2": "#888888",
            "primary1": "#4169E1",
            "primary2": "#212121",
            "primary3": "#00796B",
            "primary4": "#D32F2F",
            "secondary1": "#2E7D32",
            "secondary2": "#757575",
            "secondary3": "#673AB7",
            "secondary4": "#9C27B0",
            "secondary5": "#00796B",
            "secondary6": "#ECF0FC",
            "text": "#212121",
            "white": "#FFFFFF",
          },
          "fontColors": Object {
            "background": "#FAFAFA",
            "black": "#000000",
            "darkgray1": "#777777",
            "darkgray2": "#454545",
            "gray1": "#E0E0E0",
            "gray2": "#E7E7E7",
            "medgray1": "#757575",
            "medgray2": "#888888",
            "primary1": "#4169E1",
            "primary2": "#212121",
            "primary3": "#00796B",
            "primary4": "#D32F2F",
            "secondary1": "#2E7D32",
            "secondary2": "#757575",
            "secondary3": "#673AB7",
            "secondary4": "#9C27B0",
            "secondary5": "#00796B",
            "secondary6": "#ECF0FC",
            "text": "#212121",
            "white": "#FFFFFF",
          },
        }
      }
      src="asd"
      style={Object {}}
    >
      <Box
        boxAs="img"
        className="sc-gtssRu dTEizC"
        palette={
          Object {
            "backgroundColors": Object {
              "background": "#FAFAFA",
              "black": "#000000",
              "darkgray1": "#777777",
              "darkgray2": "#454545",
              "gray1": "#E0E0E0",
              "gray2": "#E7E7E7",
              "medgray1": "#757575",
              "medgray2": "#888888",
              "primary1": "#4169E1",
              "primary2": "#212121",
              "primary3": "#00796B",
              "primary4": "#D32F2F",
              "secondary1": "#2E7D32",
              "secondary2": "#757575",
              "secondary3": "#673AB7",
              "secondary4": "#9C27B0",
              "secondary5": "#00796B",
              "secondary6": "#ECF0FC",
              "text": "#212121",
              "white": "#FFFFFF",
            },
            "borderColors": Object {
              "background": "#FAFAFA",
              "black": "#000000",
              "darkgray1": "#777777",
              "darkgray2": "#454545",
              "gray1": "#E0E0E0",
              "gray2": "#E7E7E7",
              "medgray1": "#757575",
              "medgray2": "#888888",
              "primary1": "#4169E1",
              "primary2": "#212121",
              "primary3": "#00796B",
              "primary4": "#D32F2F",
              "secondary1": "#2E7D32",
              "secondary2": "#757575",
              "secondary3": "#673AB7",
              "secondary4": "#9C27B0",
              "secondary5": "#00796B",
              "secondary6": "#ECF0FC",
              "text": "#212121",
              "white": "#FFFFFF",
            },
            "fontColors": Object {
              "background": "#FAFAFA",
              "black": "#000000",
              "darkgray1": "#777777",
              "darkgray2": "#454545",
              "gray1": "#E0E0E0",
              "gray2": "#E7E7E7",
              "medgray1": "#757575",
              "medgray2": "#888888",
              "primary1": "#4169E1",
              "primary2": "#212121",
              "primary3": "#00796B",
              "primary4": "#D32F2F",
              "secondary1": "#2E7D32",
              "secondary2": "#757575",
              "secondary3": "#673AB7",
              "secondary4": "#9C27B0",
              "secondary5": "#00796B",
              "secondary6": "#ECF0FC",
              "text": "#212121",
              "white": "#FFFFFF",
            },
          }
        }
        src="asd"
        style={Object {}}
        transition="0.2s all"
      >
        <Component
          boxAs="img"
          className="sc-gtssRu dTEizC"
          palette={
            Object {
              "backgroundColors": Object {
                "background": "#FAFAFA",
                "black": "#000000",
                "darkgray1": "#777777",
                "darkgray2": "#454545",
                "gray1": "#E0E0E0",
                "gray2": "#E7E7E7",
                "medgray1": "#757575",
                "medgray2": "#888888",
                "primary1": "#4169E1",
                "primary2": "#212121",
                "primary3": "#00796B",
                "primary4": "#D32F2F",
                "secondary1": "#2E7D32",
                "secondary2": "#757575",
                "secondary3": "#673AB7",
                "secondary4": "#9C27B0",
                "secondary5": "#00796B",
                "secondary6": "#ECF0FC",
                "text": "#212121",
                "white": "#FFFFFF",
              },
              "borderColors": Object {
                "background": "#FAFAFA",
                "black": "#000000",
                "darkgray1": "#777777",
                "darkgray2": "#454545",
                "gray1": "#E0E0E0",
                "gray2": "#E7E7E7",
                "medgray1": "#757575",
                "medgray2": "#888888",
                "primary1": "#4169E1",
                "primary2": "#212121",
                "primary3": "#00796B",
                "primary4": "#D32F2F",
                "secondary1": "#2E7D32",
                "secondary2": "#757575",
                "secondary3": "#673AB7",
                "secondary4": "#9C27B0",
                "secondary5": "#00796B",
                "secondary6": "#ECF0FC",
                "text": "#212121",
                "white": "#FFFFFF",
              },
              "fontColors": Object {
                "background": "#FAFAFA",
                "black": "#000000",
                "darkgray1": "#777777",
                "darkgray2": "#454545",
                "gray1": "#E0E0E0",
                "gray2": "#E7E7E7",
                "medgray1": "#757575",
                "medgray2": "#888888",
                "primary1": "#4169E1",
                "primary2": "#212121",
                "primary3": "#00796B",
                "primary4": "#D32F2F",
                "secondary1": "#2E7D32",
                "secondary2": "#757575",
                "secondary3": "#673AB7",
                "secondary4": "#9C27B0",
                "secondary5": "#00796B",
                "secondary6": "#ECF0FC",
                "text": "#212121",
                "white": "#FFFFFF",
              },
            }
          }
          src="asd"
          style={Object {}}
          transition="0.2s all"
        >
          <StyledBox
            as="img"
            boxAs="img"
            className="sc-gtssRu dTEizC"
            palette={
              Object {
                "backgroundColors": Object {
                  "background": "#FAFAFA",
                  "black": "#000000",
                  "darkgray1": "#777777",
                  "darkgray2": "#454545",
                  "gray1": "#E0E0E0",
                  "gray2": "#E7E7E7",
                  "medgray1": "#757575",
                  "medgray2": "#888888",
                  "primary1": "#4169E1",
                  "primary2": "#212121",
                  "primary3": "#00796B",
                  "primary4": "#D32F2F",
                  "secondary1": "#2E7D32",
                  "secondary2": "#757575",
                  "secondary3": "#673AB7",
                  "secondary4": "#9C27B0",
                  "secondary5": "#00796B",
                  "secondary6": "#ECF0FC",
                  "text": "#212121",
                  "white": "#FFFFFF",
                },
                "borderColors": Object {
                  "background": "#FAFAFA",
                  "black": "#000000",
                  "darkgray1": "#777777",
                  "darkgray2": "#454545",
                  "gray1": "#E0E0E0",
                  "gray2": "#E7E7E7",
                  "medgray1": "#757575",
                  "medgray2": "#888888",
                  "primary1": "#4169E1",
                  "primary2": "#212121",
                  "primary3": "#00796B",
                  "primary4": "#D32F2F",
                  "secondary1": "#2E7D32",
                  "secondary2": "#757575",
                  "secondary3": "#673AB7",
                  "secondary4": "#9C27B0",
                  "secondary5": "#00796B",
                  "secondary6": "#ECF0FC",
                  "text": "#212121",
                  "white": "#FFFFFF",
                },
                "fontColors": Object {
                  "background": "#FAFAFA",
                  "black": "#000000",
                  "darkgray1": "#777777",
                  "darkgray2": "#454545",
                  "gray1": "#E0E0E0",
                  "gray2": "#E7E7E7",
                  "medgray1": "#757575",
                  "medgray2": "#888888",
                  "primary1": "#4169E1",
                  "primary2": "#212121",
                  "primary3": "#00796B",
                  "primary4": "#D32F2F",
                  "secondary1": "#2E7D32",
                  "secondary2": "#757575",
                  "secondary3": "#673AB7",
                  "secondary4": "#9C27B0",
                  "secondary5": "#00796B",
                  "secondary6": "#ECF0FC",
                  "text": "#212121",
                  "white": "#FFFFFF",
                },
              }
            }
            src="asd"
            style={Object {}}
            transition="0.2s all"
          >
            <img
              className="sc-bdnylx jknATe sc-gtssRu dTEizC"
              src="asd"
              style={Object {}}
            />
          </StyledBox>
        </Component>
      </Box>
    </StyledImage>
  </Component>
</Image>
`;
