// Jest Snapshot v1, https://goo.gl/fbAQLP

exports[`TextArea renders correctly 1`] = `
<TextArea
  className="myClass"
  cols={40}
  description="just some textarea"
  disabled={true}
  id="textarea"
  label="with a label ofc"
  labelWidth={30}
  maxlength={50}
  minlength={10}
  name="textarea name"
  onChange={[Function]}
  placeholder="textarea placeholder"
  required={true}
  rows={10}
  style={
    Object {
      "color": "blue",
    }
  }
  value="textarea value"
>
  <div
    className="textarea-component areaContainer myClass"
    style={
      Object {
        "color": "blue",
      }
    }
  >
    <label
      className="textareaLabel"
      htmlFor="textarea"
      style={
        Object {
          "flexBasis": "30px",
        }
      }
    >
      with a label ofc
    </label>
    <div
      className="textAreaDiv"
    >
      <textarea
        className="textarea textarea disabledTextArea undefined"
        cols={40}
        disabled={true}
        id="textarea"
        maxLength={50}
        minLength={10}
        name="nodejs"
        onBlur={[Function]}
        onChange={[Function]}
        placeholder="textarea placeholder"
        required={true}
        rows={10}
        value="textarea value"
      />
      <i
        className="description undefined"
      >
        just some textarea
      </i>
    </div>
  </div>
</TextArea>
`;
