// Jest Snapshot v1, https://goo.gl/fbAQLP

exports[`Anchor renders correctly 1`] = `
<Anchor
  className="myClass"
  disabled={true}
  href="www.moosend.com"
  id="Anchor1"
  onClick={[MockFunction]}
  style={
    Object {
      "color": "blue",
    }
  }
  target="_blank"
>
  <Component
    className="myClass"
    disabled={true}
    href="www.moosend.com"
    id="Anchor1"
    onClick={[MockFunction]}
    palette={
      Object {
        "backgroundColors": Object {
          "background": "#FAFAFA",
          "black": "#000000",
          "darkgray1": "#777777",
          "darkgray2": "#454545",
          "gray1": "#E0E0E0",
          "gray2": "#E7E7E7",
          "medgray1": "#757575",
          "medgray2": "#888888",
          "primary1": "#4169E1",
          "primary2": "#212121",
          "primary3": "#00796B",
          "primary4": "#D32F2F",
          "secondary1": "#2E7D32",
          "secondary2": "#757575",
          "secondary3": "#673AB7",
          "secondary4": "#9C27B0",
          "secondary5": "#00796B",
          "secondary6": "#ECF0FC",
          "text": "#212121",
          "white": "#FFFFFF",
        },
        "borderColors": Object {
          "background": "#FAFAFA",
          "black": "#000000",
          "darkgray1": "#777777",
          "darkgray2": "#454545",
          "gray1": "#E0E0E0",
          "gray2": "#E7E7E7",
          "medgray1": "#757575",
          "medgray2": "#888888",
          "primary1": "#4169E1",
          "primary2": "#212121",
          "primary3": "#00796B",
          "primary4": "#D32F2F",
          "secondary1": "#2E7D32",
          "secondary2": "#757575",
          "secondary3": "#673AB7",
          "secondary4": "#9C27B0",
          "secondary5": "#00796B",
          "secondary6": "#ECF0FC",
          "text": "#212121",
          "white": "#FFFFFF",
        },
        "fontColors": Object {
          "background": "#FAFAFA",
          "black": "#000000",
          "darkgray1": "#777777",
          "darkgray2": "#454545",
          "gray1": "#E0E0E0",
          "gray2": "#E7E7E7",
          "medgray1": "#757575",
          "medgray2": "#888888",
          "primary1": "#4169E1",
          "primary2": "#212121",
          "primary3": "#00796B",
          "primary4": "#D32F2F",
          "secondary1": "#2E7D32",
          "secondary2": "#757575",
          "secondary3": "#673AB7",
          "secondary4": "#9C27B0",
          "secondary5": "#00796B",
          "secondary6": "#ECF0FC",
          "text": "#212121",
          "white": "#FFFFFF",
        },
      }
    }
    style={
      Object {
        "color": "blue",
      }
    }
    target="_blank"
  >
    <StyledAnchor
      boxAs="a"
      className="myClass"
      disabled={true}
      href="www.moosend.com"
      id="Anchor1"
      onClick={[Function]}
      palette={
        Object {
          "backgroundColors": Object {
            "background": "#FAFAFA",
            "black": "#000000",
            "darkgray1": "#777777",
            "darkgray2": "#454545",
            "gray1": "#E0E0E0",
            "gray2": "#E7E7E7",
            "medgray1": "#757575",
            "medgray2": "#888888",
            "primary1": "#4169E1",
            "primary2": "#212121",
            "primary3": "#00796B",
            "primary4": "#D32F2F",
            "secondary1": "#2E7D32",
            "secondary2": "#757575",
            "secondary3": "#673AB7",
            "secondary4": "#9C27B0",
            "secondary5": "#00796B",
            "secondary6": "#ECF0FC",
            "text": "#212121",
            "white": "#FFFFFF",
          },
          "borderColors": Object {
            "background": "#FAFAFA",
            "black": "#000000",
            "darkgray1": "#777777",
            "darkgray2": "#454545",
            "gray1": "#E0E0E0",
            "gray2": "#E7E7E7",
            "medgray1": "#757575",
            "medgray2": "#888888",
            "primary1": "#4169E1",
            "primary2": "#212121",
            "primary3": "#00796B",
            "primary4": "#D32F2F",
            "secondary1": "#2E7D32",
            "secondary2": "#757575",
            "secondary3": "#673AB7",
            "secondary4": "#9C27B0",
            "secondary5": "#00796B",
            "secondary6": "#ECF0FC",
            "text": "#212121",
            "white": "#FFFFFF",
          },
          "fontColors": Object {
            "background": "#FAFAFA",
            "black": "#000000",
            "darkgray1": "#777777",
            "darkgray2": "#454545",
            "gray1": "#E0E0E0",
            "gray2": "#E7E7E7",
            "medgray1": "#757575",
            "medgray2": "#888888",
            "primary1": "#4169E1",
            "primary2": "#212121",
            "primary3": "#00796B",
            "primary4": "#D32F2F",
            "secondary1": "#2E7D32",
            "secondary2": "#757575",
            "secondary3": "#673AB7",
            "secondary4": "#9C27B0",
            "secondary5": "#00796B",
            "secondary6": "#ECF0FC",
            "text": "#212121",
            "white": "#FFFFFF",
          },
        }
      }
      style={
        Object {
          "color": "blue",
        }
      }
      target="_blank"
    >
      <Box
        boxAs="a"
        className="sc-gtssRu AVBRk myClass"
        disabled={true}
        href="www.moosend.com"
        id="Anchor1"
        onClick={[Function]}
        palette={
          Object {
            "backgroundColors": Object {
              "background": "#FAFAFA",
              "black": "#000000",
              "darkgray1": "#777777",
              "darkgray2": "#454545",
              "gray1": "#E0E0E0",
              "gray2": "#E7E7E7",
              "medgray1": "#757575",
              "medgray2": "#888888",
              "primary1": "#4169E1",
              "primary2": "#212121",
              "primary3": "#00796B",
              "primary4": "#D32F2F",
              "secondary1": "#2E7D32",
              "secondary2": "#757575",
              "secondary3": "#673AB7",
              "secondary4": "#9C27B0",
              "secondary5": "#00796B",
              "secondary6": "#ECF0FC",
              "text": "#212121",
              "white": "#FFFFFF",
            },
            "borderColors": Object {
              "background": "#FAFAFA",
              "black": "#000000",
              "darkgray1": "#777777",
              "darkgray2": "#454545",
              "gray1": "#E0E0E0",
              "gray2": "#E7E7E7",
              "medgray1": "#757575",
              "medgray2": "#888888",
              "primary1": "#4169E1",
              "primary2": "#212121",
              "primary3": "#00796B",
              "primary4": "#D32F2F",
              "secondary1": "#2E7D32",
              "secondary2": "#757575",
              "secondary3": "#673AB7",
              "secondary4": "#9C27B0",
              "secondary5": "#00796B",
              "secondary6": "#ECF0FC",
              "text": "#212121",
              "white": "#FFFFFF",
            },
            "fontColors": Object {
              "background": "#FAFAFA",
              "black": "#000000",
              "darkgray1": "#777777",
              "darkgray2": "#454545",
              "gray1": "#E0E0E0",
              "gray2": "#E7E7E7",
              "medgray1": "#757575",
              "medgray2": "#888888",
              "primary1": "#4169E1",
              "primary2": "#212121",
              "primary3": "#00796B",
              "primary4": "#D32F2F",
              "secondary1": "#2E7D32",
              "secondary2": "#757575",
              "secondary3": "#673AB7",
              "secondary4": "#9C27B0",
              "secondary5": "#00796B",
              "secondary6": "#ECF0FC",
              "text": "#212121",
              "white": "#FFFFFF",
            },
          }
        }
        style={
          Object {
            "color": "blue",
          }
        }
        target="_blank"
        transition="0.2s all"
      >
        <Component
          boxAs="a"
          className="sc-gtssRu AVBRk myClass"
          disabled={true}
          href="www.moosend.com"
          id="Anchor1"
          onClick={[Function]}
          palette={
            Object {
              "backgroundColors": Object {
                "background": "#FAFAFA",
                "black": "#000000",
                "darkgray1": "#777777",
                "darkgray2": "#454545",
                "gray1": "#E0E0E0",
                "gray2": "#E7E7E7",
                "medgray1": "#757575",
                "medgray2": "#888888",
                "primary1": "#4169E1",
                "primary2": "#212121",
                "primary3": "#00796B",
                "primary4": "#D32F2F",
                "secondary1": "#2E7D32",
                "secondary2": "#757575",
                "secondary3": "#673AB7",
                "secondary4": "#9C27B0",
                "secondary5": "#00796B",
                "secondary6": "#ECF0FC",
                "text": "#212121",
                "white": "#FFFFFF",
              },
              "borderColors": Object {
                "background": "#FAFAFA",
                "black": "#000000",
                "darkgray1": "#777777",
                "darkgray2": "#454545",
                "gray1": "#E0E0E0",
                "gray2": "#E7E7E7",
                "medgray1": "#757575",
                "medgray2": "#888888",
                "primary1": "#4169E1",
                "primary2": "#212121",
                "primary3": "#00796B",
                "primary4": "#D32F2F",
                "secondary1": "#2E7D32",
                "secondary2": "#757575",
                "secondary3": "#673AB7",
                "secondary4": "#9C27B0",
                "secondary5": "#00796B",
                "secondary6": "#ECF0FC",
                "text": "#212121",
                "white": "#FFFFFF",
              },
              "fontColors": Object {
                "background": "#FAFAFA",
                "black": "#000000",
                "darkgray1": "#777777",
                "darkgray2": "#454545",
                "gray1": "#E0E0E0",
                "gray2": "#E7E7E7",
                "medgray1": "#757575",
                "medgray2": "#888888",
                "primary1": "#4169E1",
                "primary2": "#212121",
                "primary3": "#00796B",
                "primary4": "#D32F2F",
                "secondary1": "#2E7D32",
                "secondary2": "#757575",
                "secondary3": "#673AB7",
                "secondary4": "#9C27B0",
                "secondary5": "#00796B",
                "secondary6": "#ECF0FC",
                "text": "#212121",
                "white": "#FFFFFF",
              },
            }
          }
          style={
            Object {
              "color": "blue",
            }
          }
          target="_blank"
          transition="0.2s all"
        >
          <StyledBox
            as="a"
            boxAs="a"
            className="sc-gtssRu AVBRk myClass"
            disabled={true}
            href="www.moosend.com"
            id="Anchor1"
            onClick={[Function]}
            palette={
              Object {
                "backgroundColors": Object {
                  "background": "#FAFAFA",
                  "black": "#000000",
                  "darkgray1": "#777777",
                  "darkgray2": "#454545",
                  "gray1": "#E0E0E0",
                  "gray2": "#E7E7E7",
                  "medgray1": "#757575",
                  "medgray2": "#888888",
                  "primary1": "#4169E1",
                  "primary2": "#212121",
                  "primary3": "#00796B",
                  "primary4": "#D32F2F",
                  "secondary1": "#2E7D32",
                  "secondary2": "#757575",
                  "secondary3": "#673AB7",
                  "secondary4": "#9C27B0",
                  "secondary5": "#00796B",
                  "secondary6": "#ECF0FC",
                  "text": "#212121",
                  "white": "#FFFFFF",
                },
                "borderColors": Object {
                  "background": "#FAFAFA",
                  "black": "#000000",
                  "darkgray1": "#777777",
                  "darkgray2": "#454545",
                  "gray1": "#E0E0E0",
                  "gray2": "#E7E7E7",
                  "medgray1": "#757575",
                  "medgray2": "#888888",
                  "primary1": "#4169E1",
                  "primary2": "#212121",
                  "primary3": "#00796B",
                  "primary4": "#D32F2F",
                  "secondary1": "#2E7D32",
                  "secondary2": "#757575",
                  "secondary3": "#673AB7",
                  "secondary4": "#9C27B0",
                  "secondary5": "#00796B",
                  "secondary6": "#ECF0FC",
                  "text": "#212121",
                  "white": "#FFFFFF",
                },
                "fontColors": Object {
                  "background": "#FAFAFA",
                  "black": "#000000",
                  "darkgray1": "#777777",
                  "darkgray2": "#454545",
                  "gray1": "#E0E0E0",
                  "gray2": "#E7E7E7",
                  "medgray1": "#757575",
                  "medgray2": "#888888",
                  "primary1": "#4169E1",
                  "primary2": "#212121",
                  "primary3": "#00796B",
                  "primary4": "#D32F2F",
                  "secondary1": "#2E7D32",
                  "secondary2": "#757575",
                  "secondary3": "#673AB7",
                  "secondary4": "#9C27B0",
                  "secondary5": "#00796B",
                  "secondary6": "#ECF0FC",
                  "text": "#212121",
                  "white": "#FFFFFF",
                },
              }
            }
            style={
              Object {
                "color": "blue",
              }
            }
            target="_blank"
            transition="0.2s all"
          >
            <a
              className="sc-bdnylx jrLcJL sc-gtssRu AVBRk myClass"
              disabled={true}
              href="www.moosend.com"
              id="Anchor1"
              onClick={[Function]}
              style={
                Object {
                  "color": "blue",
                }
              }
              target="_blank"
            >
              Mooskin
            </a>
          </StyledBox>
        </Component>
      </Box>
    </StyledAnchor>
  </Component>
</Anchor>
`;
