// Jest Snapshot v1, https://goo.gl/fbAQLP

exports[`Tags renders Tags correctly 1`] = `
<div
  className="container myClass"
  style={
    Object {
      "width": "50px",
    }
  }
>
  <div
    className="label"
  >
    label
  </div>
  <label
    className="tags"
  >
    <Tag
      className="tagClasses"
      key="0"
      onClick={[Function]}
      style={
        Object {
          "width": "50px",
        }
      }
      tag="Prishtina"
    />
    <Tag
      className="tagClasses"
      key="1"
      onClick={[Function]}
      style={
        Object {
          "width": "50px",
        }
      }
      tag="Athens"
    />
    <div
      className="inputContainer"
    >
      <input
        className="input"
        onChange={[Function]}
        onClick={[Function]}
        onKeyDown={[Function]}
        onPaste={[Function]}
        placeholder="olala"
        value=""
      />
    </div>
  </label>
</div>
`;
